<html>
<body>
<pre>
<h1>µVision Build Log</h1>
<h2>Tool Versions:</h2>
IDE-Version: ¦ÌVision V5.14.0.0
Copyright (C) 2015 ARM Ltd and ARM Germany GmbH. All rights reserved.
License Information: gui kai, SJTU, LIC=----
 
Tool Versions:
Toolchain:       MDK-Lite  Version: 5.14.0.0
Toolchain Path:  C:\Keil_v5\ARM\ARMCC\Bin
C Compiler:      Armcc.exe V5.05 update 1 (build 106)
Assembler:       Armasm.exe V5.05 update 1 (build 106)
Linker/Locator:  ArmLink.exe V5.05 update 1 (build 106)
Library Manager: ArmAr.exe V5.05 update 1 (build 106)
Hex Converter:   FromElf.exe V5.05 update 1 (build 106)
CPU DLL:         SARMCM3.DLL V5.14.0.0
Dialog DLL:      DCM.DLL V1.13.1.0
Target DLL:      STLink\ST-LINKIII-KEIL_SWO.dll V2.0.14.0_KEIL
Dialog DLL:      TCM.DLL V1.14.4.0
 
<h2>Project:</h2>
C:\Users\gk\Desktop\Zero-Mode\one-DOF Hip zero mode\temp\MDK-ARM\temp.uvprojx
Project File Date:  11/29/2016

<h2>Output:</h2>
Build target 'temp'
compiling stm32f7xx_hal_uart.c...
../Drivers/CMSIS/Include/core_cm7.h(127): warning:  #47-D: incompatible redefinition of macro "__FPU_USED"
        #define __FPU_USED       1U
../Drivers/STM32F7xx_HAL_Driver/Src/stm32f7xx_hal_uart.c: 1 warning, 0 errors
compiling stm32f7xx_hal_dma_ex.c...
../Drivers/CMSIS/Include/core_cm7.h(127): warning:  #47-D: incompatible redefinition of macro "__FPU_USED"
        #define __FPU_USED       1U
../Drivers/STM32F7xx_HAL_Driver/Src/stm32f7xx_hal_dma_ex.c: 1 warning, 0 errors
compiling stm32f7xx_hal_cortex.c...
../Drivers/CMSIS/Include/core_cm7.h(127): warning:  #47-D: incompatible redefinition of macro "__FPU_USED"
        #define __FPU_USED       1U
../Drivers/STM32F7xx_HAL_Driver/Src/stm32f7xx_hal_cortex.c: 1 warning, 0 errors
compiling stm32f7xx_hal_flash_ex.c...
../Drivers/CMSIS/Include/core_cm7.h(127): warning:  #47-D: incompatible redefinition of macro "__FPU_USED"
        #define __FPU_USED       1U
../Drivers/STM32F7xx_HAL_Driver/Src/stm32f7xx_hal_flash_ex.c: 1 warning, 0 errors
compiling stm32f7xx_hal_tim_ex.c...
../Drivers/CMSIS/Include/core_cm7.h(127): warning:  #47-D: incompatible redefinition of macro "__FPU_USED"
        #define __FPU_USED       1U
../Drivers/STM32F7xx_HAL_Driver/Src/stm32f7xx_hal_tim_ex.c: 1 warning, 0 errors
compiling stm32f7xx_hal_tim.c...
../Drivers/CMSIS/Include/core_cm7.h(127): warning:  #47-D: incompatible redefinition of macro "__FPU_USED"
        #define __FPU_USED       1U
../Drivers/STM32F7xx_HAL_Driver/Src/stm32f7xx_hal_tim.c: 1 warning, 0 errors
compiling stm32f7xx_hal_gpio.c...
../Drivers/CMSIS/Include/core_cm7.h(127): warning:  #47-D: incompatible redefinition of macro "__FPU_USED"
        #define __FPU_USED       1U
../Drivers/STM32F7xx_HAL_Driver/Src/stm32f7xx_hal_gpio.c: 1 warning, 0 errors
compiling stm32f7xx_hal_dma.c...
../Drivers/CMSIS/Include/core_cm7.h(127): warning:  #47-D: incompatible redefinition of macro "__FPU_USED"
        #define __FPU_USED       1U
../Drivers/STM32F7xx_HAL_Driver/Src/stm32f7xx_hal_dma.c: 1 warning, 0 errors
compiling stm32f7xx_hal.c...
../Drivers/CMSIS/Include/core_cm7.h(127): warning:  #47-D: incompatible redefinition of macro "__FPU_USED"
        #define __FPU_USED       1U
../Drivers/STM32F7xx_HAL_Driver/Src/stm32f7xx_hal.c: 1 warning, 0 errors
compiling stm32f7xx_hal_pwr_ex.c...
../Drivers/CMSIS/Include/core_cm7.h(127): warning:  #47-D: incompatible redefinition of macro "__FPU_USED"
        #define __FPU_USED       1U
../Drivers/STM32F7xx_HAL_Driver/Src/stm32f7xx_hal_pwr_ex.c: 1 warning, 0 errors
compiling stm32f7xx_hal_rcc.c...
../Drivers/CMSIS/Include/core_cm7.h(127): warning:  #47-D: incompatible redefinition of macro "__FPU_USED"
        #define __FPU_USED       1U
../Drivers/STM32F7xx_HAL_Driver/Src/stm32f7xx_hal_rcc.c: 1 warning, 0 errors
compiling stm32f7xx_hal_pwr.c...
../Drivers/CMSIS/Include/core_cm7.h(127): warning:  #47-D: incompatible redefinition of macro "__FPU_USED"
        #define __FPU_USED       1U
../Drivers/STM32F7xx_HAL_Driver/Src/stm32f7xx_hal_pwr.c: 1 warning, 0 errors
compiling stm32f7xx_hal_rcc_ex.c...
../Drivers/CMSIS/Include/core_cm7.h(127): warning:  #47-D: incompatible redefinition of macro "__FPU_USED"
        #define __FPU_USED       1U
../Drivers/STM32F7xx_HAL_Driver/Src/stm32f7xx_hal_rcc_ex.c: 1 warning, 0 errors
compiling stm32f7xx_hal_flash.c...
../Drivers/CMSIS/Include/core_cm7.h(127): warning:  #47-D: incompatible redefinition of macro "__FPU_USED"
        #define __FPU_USED       1U
../Drivers/STM32F7xx_HAL_Driver/Src/stm32f7xx_hal_flash.c: 1 warning, 0 errors
compiling stm32f7xx_hal_can.c...
../Drivers/CMSIS/Include/core_cm7.h(127): warning:  #47-D: incompatible redefinition of macro "__FPU_USED"
        #define __FPU_USED       1U
../Drivers/STM32F7xx_HAL_Driver/Src/stm32f7xx_hal_can.c: 1 warning, 0 errors
compiling stm32f7xx_hal_adc_ex.c...
../Drivers/CMSIS/Include/core_cm7.h(127): warning:  #47-D: incompatible redefinition of macro "__FPU_USED"
        #define __FPU_USED       1U
../Drivers/STM32F7xx_HAL_Driver/Src/stm32f7xx_hal_adc_ex.c: 1 warning, 0 errors
compiling stm32f7xx_hal_adc.c...
../Drivers/CMSIS/Include/core_cm7.h(127): warning:  #47-D: incompatible redefinition of macro "__FPU_USED"
        #define __FPU_USED       1U
../Drivers/STM32F7xx_HAL_Driver/Src/stm32f7xx_hal_adc.c: 1 warning, 0 errors
compiling CPG.c...
../Drivers/CMSIS/Include/core_cm4.h(127): warning:  #47-D: incompatible redefinition of macro "__FPU_USED"
        #define __FPU_USED       1U
CPG.c(296): warning:  #1166-D: returning pointer to local variable
        return dxTemp;
CPG.c: 2 warnings, 0 errors
compiling stm32f7xx_it.c...
../Drivers/CMSIS/Include/core_cm7.h(127): warning:  #47-D: incompatible redefinition of macro "__FPU_USED"
        #define __FPU_USED       1U
../Drivers/CMSIS/Include/core_cm4.h(79): warning:  #47-D: incompatible redefinition of macro "__CORTEX_M" (declared at line 79 of "../Drivers/CMSIS/Include/core_cm7.h")
  #define __CORTEX_M                (0x04U)                                      /*!< Cortex-M Core */
../Src/stm32f7xx_it.c(392): warning:  #1035-D: single-precision operand implicitly converted to double-precision
                         filterdADCvalue[i][0]=absFun(filterdADCvalue[i][0])/4096*3.3;
../Src/stm32f7xx_it.c(398): warning:  #1035-D: single-precision operand implicitly converted to double-precision
                         filterdADCvalue[i][0]=(filterdADCvalue[i][0]/4096*3.3*2-2.5)*24.39;
../Src/stm32f7xx_it.c(408): warning:  #1035-D: single-precision operand implicitly converted to double-precision
                         filterdADCvalue[i][1]=absFun(filterdADCvalue[i][1])/4096*3.3;
../Src/stm32f7xx_it.c(414): warning:  #1035-D: single-precision operand implicitly converted to double-precision
                         filterdADCvalue[i][1]=(filterdADCvalue[i][1]/4096*3.3*2-2.5)*24.39-offSet[i];
../Src/stm32f7xx_it.c(426): warning:  #1035-D: single-precision operand implicitly converted to double-precision
                         rawADCvalue[i][2]=absFun(rawADCvalue[i][2])/4096*3.3;
../Src/stm32f7xx_it.c(431): warning:  #1035-D: single-precision operand implicitly converted to double-precision
                         filterdADCvalue[i][2]=(filterdADCvalue[i][2]/4096*3.3*2-2.5)*24.39-offSet[i];
../Src/stm32f7xx_it.c(446): warning:  #1035-D: single-precision operand implicitly converted to double-precision
                           rawADCvalue[i][2]=absFun(rawADCvalue[i][2])/4096*3.3;
../Src/stm32f7xx_it.c(458): warning:  #1035-D: single-precision operand implicitly converted to double-precision
                           rawADCvalue[i][2]=(rawADCvalue[i][2]/4096*3.3*2-2.5)*24.39-offSet[i];
../Src/stm32f7xx_it.c: 10 warnings, 0 errors
compiling main.c...
../Drivers/CMSIS/Include/core_cm7.h(127): warning:  #47-D: incompatible redefinition of macro "__FPU_USED"
        #define __FPU_USED       1U
../Drivers/CMSIS/Include/core_cm4.h(79): warning:  #47-D: incompatible redefinition of macro "__CORTEX_M" (declared at line 79 of "../Drivers/CMSIS/Include/core_cm7.h")
  #define __CORTEX_M                (0x04U)                                      /*!< Cortex-M Core */
../Src/main.c(195): warning:  #177-D: variable "i" was declared but never referenced
        uint8_t i=0; 
../Src/main.c(348): warning:  #1035-D: single-precision operand implicitly converted to double-precision
        if((sensorHipPositiont2+piHalf)>0.65||(sensorHipPositiont2+piHalf)<-0.65)
../Src/main.c(365): warning:  #1035-D: single-precision operand implicitly converted to double-precision
        if(sensorKneePositiont2>0.7||sensorKneePositiont2<-0.7)
../Src/main.c: 5 warnings, 0 errors
compiling stm32f7xx_hal_msp.c...
../Drivers/CMSIS/Include/core_cm7.h(127): warning:  #47-D: incompatible redefinition of macro "__FPU_USED"
        #define __FPU_USED       1U
../Src/stm32f7xx_hal_msp.c: 1 warning, 0 errors
compiling arm_sin_f32.c...
../Drivers/CMSIS/Include/core_cm4.h(127): warning:  #47-D: incompatible redefinition of macro "__FPU_USED"
        #define __FPU_USED       1U
..\Drivers\CMSIS\DSP_Lib\Source\FastMathFunctions\arm_sin_f32.c: 1 warning, 0 errors
compiling arm_common_tables.c...
../Drivers/CMSIS/Include/core_cm4.h(127): warning:  #47-D: incompatible redefinition of macro "__FPU_USED"
        #define __FPU_USED       1U
..\Drivers\CMSIS\DSP_Lib\Source\CommonTables\arm_common_tables.c: 1 warning, 0 errors
compiling arm_cos_f32.c...
../Drivers/CMSIS/Include/core_cm4.h(127): warning:  #47-D: incompatible redefinition of macro "__FPU_USED"
        #define __FPU_USED       1U
..\Drivers\CMSIS\DSP_Lib\Source\FastMathFunctions\arm_cos_f32.c: 1 warning, 0 errors
assembling startup_stm32f746xx.s...
compiling system_stm32f7xx.c...
../Drivers/CMSIS/Include/core_cm7.h(127): warning:  #47-D: incompatible redefinition of macro "__FPU_USED"
        #define __FPU_USED       1U
../Drivers/CMSIS/Device/ST/STM32F7xx/Source/Templates/system_stm32f7xx.c: 1 warning, 0 errors
linking...
Program Size: Code=18888 RO-data=504 RW-data=892 ZI-data=2908  
"temp\temp.axf" - 0 Error(s), 39 Warning(s).

<h2>Software Packages used:</h2>

Package Vendor: ARM
                http://www.keil.com/pack/ARM.CMSIS.4.2.0.pack
                ARM::CMSIS:CORE:3.40.0
                CMSIS (Cortex Microcontroller Software Interface Standard)
   * Component: CORE Version: 3.40.0

Package Vendor: Keil
                http://www.keil.com/pack/Keil.STM32F7xx_DFP.2.7.0.pack
                Keil::Device:Startup:1.1.0
                STMicroelectronics STM32F7 Series Device Support, Drivers and Examples
   * Component: Startup Version: 1.1.0

<h2>Collection of Component include folders:</h2>
  C:\Users\gk\Desktop\Zero-Mode\one-DOF Hip zero mode\temp\MDK-ARM\RTE
  C:\Keil_v5\ARM\PACK\ARM\CMSIS\4.2.0\CMSIS\Include
  C:\Keil_v5\ARM\PACK\Keil\STM32F7xx_DFP\2.7.0

<h2>Collection of Component Files used:</h2>

   * Component: ARM::CMSIS:CORE:3.40.0
      Source file:   CMSIS\UserCodeTemplates\ARM\ITM_Retarget.c

   * Component: Keil::Device:Startup:1.1.0
      Source file:   MDK\Device\Source\ARM\STM32F7xx_OPT.s
      Source file:   MDK\Device\Source\ARM\STM32F7xx_OTP.s
      Include file:  Drivers\CMSIS\Device\ST\STM32F7xx\Include\stm32f7xx.h
      Source file:   Drivers\CMSIS\Device\ST\STM32F7xx\Source\Templates\arm\startup_stm32f746xx.s
      Source file:   Drivers\CMSIS\Device\ST\STM32F7xx\Source\Templates\system_stm32f7xx.c
</pre>
</body>
</html>
