Component: ARM Compiler 5.05 update 1 (build 106) Tool: armlink [4d0efa]

==============================================================================

Section Cross References

    stm32f7xx_hal_uart.o(i.HAL_HalfDuplex_Init) refers to stm32f7xx_hal_msp.o(i.HAL_UART_MspInit) for HAL_UART_MspInit
    stm32f7xx_hal_uart.o(i.HAL_HalfDuplex_Init) refers to stm32f7xx_hal_uart.o(i.UART_SetConfig) for UART_SetConfig
    stm32f7xx_hal_uart.o(i.HAL_HalfDuplex_Init) refers to stm32f7xx_hal_uart.o(i.UART_AdvFeatureConfig) for UART_AdvFeatureConfig
    stm32f7xx_hal_uart.o(i.HAL_HalfDuplex_Init) refers to stm32f7xx_hal_uart.o(i.UART_CheckIdleState) for UART_CheckIdleState
    stm32f7xx_hal_uart.o(i.HAL_LIN_Init) refers to stm32f7xx_hal_msp.o(i.HAL_UART_MspInit) for HAL_UART_MspInit
    stm32f7xx_hal_uart.o(i.HAL_LIN_Init) refers to stm32f7xx_hal_uart.o(i.UART_SetConfig) for UART_SetConfig
    stm32f7xx_hal_uart.o(i.HAL_LIN_Init) refers to stm32f7xx_hal_uart.o(i.UART_AdvFeatureConfig) for UART_AdvFeatureConfig
    stm32f7xx_hal_uart.o(i.HAL_LIN_Init) refers to stm32f7xx_hal_uart.o(i.UART_CheckIdleState) for UART_CheckIdleState
    stm32f7xx_hal_uart.o(i.HAL_MultiProcessor_DisableMuteMode) refers to stm32f7xx_hal_uart.o(i.UART_CheckIdleState) for UART_CheckIdleState
    stm32f7xx_hal_uart.o(i.HAL_MultiProcessor_EnableMuteMode) refers to stm32f7xx_hal_uart.o(i.UART_CheckIdleState) for UART_CheckIdleState
    stm32f7xx_hal_uart.o(i.HAL_MultiProcessor_Init) refers to stm32f7xx_hal_msp.o(i.HAL_UART_MspInit) for HAL_UART_MspInit
    stm32f7xx_hal_uart.o(i.HAL_MultiProcessor_Init) refers to stm32f7xx_hal_uart.o(i.UART_SetConfig) for UART_SetConfig
    stm32f7xx_hal_uart.o(i.HAL_MultiProcessor_Init) refers to stm32f7xx_hal_uart.o(i.UART_AdvFeatureConfig) for UART_AdvFeatureConfig
    stm32f7xx_hal_uart.o(i.HAL_MultiProcessor_Init) refers to stm32f7xx_hal_uart.o(i.UART_CheckIdleState) for UART_CheckIdleState
    stm32f7xx_hal_uart.o(i.HAL_UART_DMAStop) refers to stm32f7xx_hal_dma.o(i.HAL_DMA_Abort) for HAL_DMA_Abort
    stm32f7xx_hal_uart.o(i.HAL_UART_DeInit) refers to stm32f7xx_hal_msp.o(i.HAL_UART_MspDeInit) for HAL_UART_MspDeInit
    stm32f7xx_hal_uart.o(i.HAL_UART_IRQHandler) refers to stm32f7xx_hal_uart.o(i.HAL_UART_ErrorCallback) for HAL_UART_ErrorCallback
    stm32f7xx_hal_uart.o(i.HAL_UART_IRQHandler) refers to stm32f7xx_hal_uart.o(i.UART_Receive_IT) for UART_Receive_IT
    stm32f7xx_hal_uart.o(i.HAL_UART_IRQHandler) refers to stm32f7xx_hal_uart.o(i.UART_Transmit_IT) for UART_Transmit_IT
    stm32f7xx_hal_uart.o(i.HAL_UART_IRQHandler) refers to stm32f7xx_hal_uart.o(i.HAL_UART_TxCpltCallback) for HAL_UART_TxCpltCallback
    stm32f7xx_hal_uart.o(i.HAL_UART_Init) refers to stm32f7xx_hal_msp.o(i.HAL_UART_MspInit) for HAL_UART_MspInit
    stm32f7xx_hal_uart.o(i.HAL_UART_Init) refers to stm32f7xx_hal_uart.o(i.UART_SetConfig) for UART_SetConfig
    stm32f7xx_hal_uart.o(i.HAL_UART_Init) refers to stm32f7xx_hal_uart.o(i.UART_AdvFeatureConfig) for UART_AdvFeatureConfig
    stm32f7xx_hal_uart.o(i.HAL_UART_Init) refers to stm32f7xx_hal_uart.o(i.UART_CheckIdleState) for UART_CheckIdleState
    stm32f7xx_hal_uart.o(i.HAL_UART_Receive) refers to stm32f7xx_hal_uart.o(i.UART_WaitOnFlagUntilTimeout) for UART_WaitOnFlagUntilTimeout
    stm32f7xx_hal_uart.o(i.HAL_UART_Receive_DMA) refers to stm32f7xx_hal_dma.o(i.HAL_DMA_Start_IT) for HAL_DMA_Start_IT
    stm32f7xx_hal_uart.o(i.HAL_UART_Receive_DMA) refers to stm32f7xx_hal_uart.o(i.UART_DMAReceiveCplt) for UART_DMAReceiveCplt
    stm32f7xx_hal_uart.o(i.HAL_UART_Receive_DMA) refers to stm32f7xx_hal_uart.o(i.UART_DMARxHalfCplt) for UART_DMARxHalfCplt
    stm32f7xx_hal_uart.o(i.HAL_UART_Receive_DMA) refers to stm32f7xx_hal_uart.o(i.UART_DMAError) for UART_DMAError
    stm32f7xx_hal_uart.o(i.HAL_UART_Transmit) refers to stm32f7xx_hal_uart.o(i.UART_WaitOnFlagUntilTimeout) for UART_WaitOnFlagUntilTimeout
    stm32f7xx_hal_uart.o(i.HAL_UART_Transmit_DMA) refers to stm32f7xx_hal_dma.o(i.HAL_DMA_Start_IT) for HAL_DMA_Start_IT
    stm32f7xx_hal_uart.o(i.HAL_UART_Transmit_DMA) refers to stm32f7xx_hal_uart.o(i.UART_DMATransmitCplt) for UART_DMATransmitCplt
    stm32f7xx_hal_uart.o(i.HAL_UART_Transmit_DMA) refers to stm32f7xx_hal_uart.o(i.UART_DMATxHalfCplt) for UART_DMATxHalfCplt
    stm32f7xx_hal_uart.o(i.HAL_UART_Transmit_DMA) refers to stm32f7xx_hal_uart.o(i.UART_DMAError) for UART_DMAError
    stm32f7xx_hal_uart.o(i.UART_CheckIdleState) refers to stm32f7xx_hal_uart.o(i.UART_WaitOnFlagUntilTimeout) for UART_WaitOnFlagUntilTimeout
    stm32f7xx_hal_uart.o(i.UART_DMAError) refers to stm32f7xx_hal_uart.o(i.HAL_UART_ErrorCallback) for HAL_UART_ErrorCallback
    stm32f7xx_hal_uart.o(i.UART_DMAReceiveCplt) refers to main.o(i.HAL_UART_RxCpltCallback) for HAL_UART_RxCpltCallback
    stm32f7xx_hal_uart.o(i.UART_DMARxHalfCplt) refers to stm32f7xx_hal_uart.o(i.HAL_UART_RxHalfCpltCallback) for HAL_UART_RxHalfCpltCallback
[...]
    Removing stm32f7xx_hal.o(i.HAL_ResumeTick), (14 bytes).
    Removing stm32f7xx_hal.o(i.HAL_SuspendTick), (14 bytes).
    Removing stm32f7xx_hal_pwr_ex.o(.rev16_text), (4 bytes).
    Removing stm32f7xx_hal_pwr_ex.o(.revsh_text), (4 bytes).
    Removing stm32f7xx_hal_pwr_ex.o(.rrx_text), (6 bytes).
    Removing stm32f7xx_hal_pwr_ex.o(i.HAL_PWREx_ControlVoltageScaling), (176 bytes).
    Removing stm32f7xx_hal_pwr_ex.o(i.HAL_PWREx_DisableBkUpReg), (56 bytes).
    Removing stm32f7xx_hal_pwr_ex.o(i.HAL_PWREx_DisableFlashPowerDown), (16 bytes).
    Removing stm32f7xx_hal_pwr_ex.o(i.HAL_PWREx_DisableLowRegulatorLowVoltage), (16 bytes).
    Removing stm32f7xx_hal_pwr_ex.o(i.HAL_PWREx_DisableMainRegulatorLowVoltage), (16 bytes).
    Removing stm32f7xx_hal_pwr_ex.o(i.HAL_PWREx_DisableOverDrive), (108 bytes).
    Removing stm32f7xx_hal_pwr_ex.o(i.HAL_PWREx_EnableBkUpReg), (56 bytes).
    Removing stm32f7xx_hal_pwr_ex.o(i.HAL_PWREx_EnableFlashPowerDown), (16 bytes).
    Removing stm32f7xx_hal_pwr_ex.o(i.HAL_PWREx_EnableLowRegulatorLowVoltage), (16 bytes).
    Removing stm32f7xx_hal_pwr_ex.o(i.HAL_PWREx_EnableMainRegulatorLowVoltage), (16 bytes).
    Removing stm32f7xx_hal_pwr_ex.o(i.HAL_PWREx_EnterUnderDriveSTOPMode), (144 bytes).
    Removing stm32f7xx_hal_pwr_ex.o(i.HAL_PWREx_GetVoltageRange), (16 bytes).
    Removing stm32f7xx_hal_rcc.o(.rev16_text), (4 bytes).
    Removing stm32f7xx_hal_rcc.o(.revsh_text), (4 bytes).
    Removing stm32f7xx_hal_rcc.o(.rrx_text), (6 bytes).
    Removing stm32f7xx_hal_rcc.o(i.HAL_RCC_DeInit), (88 bytes).
    Removing stm32f7xx_hal_rcc.o(i.HAL_RCC_DisableCSS), (16 bytes).
    Removing stm32f7xx_hal_rcc.o(i.HAL_RCC_EnableCSS), (16 bytes).
    Removing stm32f7xx_hal_rcc.o(i.HAL_RCC_GetClockConfig), (64 bytes).
    Removing stm32f7xx_hal_rcc.o(i.HAL_RCC_GetOscConfig), (228 bytes).
    Removing stm32f7xx_hal_rcc.o(i.HAL_RCC_MCOConfig), (148 bytes).
    Removing stm32f7xx_hal_pwr.o(.rev16_text), (4 bytes).
    Removing stm32f7xx_hal_pwr.o(.revsh_text), (4 bytes).
    Removing stm32f7xx_hal_pwr.o(.rrx_text), (6 bytes).
    Removing stm32f7xx_hal_pwr.o(i.HAL_PWR_ConfigPVD), (124 bytes).
    Removing stm32f7xx_hal_pwr.o(i.HAL_PWR_DeInit), (24 bytes).
    Removing stm32f7xx_hal_pwr.o(i.HAL_PWR_DisableBkUpAccess), (16 bytes).
    Removing stm32f7xx_hal_pwr.o(i.HAL_PWR_DisablePVD), (16 bytes).
    Removing stm32f7xx_hal_pwr.o(i.HAL_PWR_DisableSEVOnPend), (16 bytes).
    Removing stm32f7xx_hal_pwr.o(i.HAL_PWR_DisableSleepOnExit), (16 bytes).
    Removing stm32f7xx_hal_pwr.o(i.HAL_PWR_DisableWakeUpPin), (16 bytes).
    Removing stm32f7xx_hal_pwr.o(i.HAL_PWR_EnableBkUpAccess), (16 bytes).
    Removing stm32f7xx_hal_pwr.o(i.HAL_PWR_EnablePVD), (16 bytes).
    Removing stm32f7xx_hal_pwr.o(i.HAL_PWR_EnableSEVOnPend), (16 bytes).
    Removing stm32f7xx_hal_pwr.o(i.HAL_PWR_EnableSleepOnExit), (16 bytes).
    Removing stm32f7xx_hal_pwr.o(i.HAL_PWR_EnableWakeUpPin), (28 bytes).
    Removing stm32f7xx_hal_pwr.o(i.HAL_PWR_EnterSLEEPMode), (32 bytes).
    Removing stm32f7xx_hal_pwr.o(i.HAL_PWR_EnterSTANDBYMode), (32 bytes).
    Removing stm32f7xx_hal_pwr.o(i.HAL_PWR_EnterSTOPMode), (60 bytes).
    Removing stm32f7xx_hal_pwr.o(i.HAL_PWR_PVDCallback), (2 bytes).
    Removing stm32f7xx_hal_pwr.o(i.HAL_PWR_PVD_IRQHandler), (28 bytes).
    Removing stm32f7xx_hal_rcc_ex.o(.rev16_text), (4 bytes).
    Removing stm32f7xx_hal_rcc_ex.o(.revsh_text), (4 bytes).
    Removing stm32f7xx_hal_rcc_ex.o(.rrx_text), (6 bytes).
    Removing stm32f7xx_hal_rcc_ex.o(i.HAL_RCCEx_GetPeriphCLKConfig), (436 bytes).
    Removing stm32f7xx_hal_rcc_ex.o(i.HAL_RCCEx_GetPeriphCLKFreq), (288 bytes).
    Removing stm32f7xx_hal_flash.o(.rev16_text), (4 bytes).
    Removing stm32f7xx_hal_flash.o(.revsh_text), (4 bytes).
    Removing stm32f7xx_hal_flash.o(.rrx_text), (6 bytes).
    Removing stm32f7xx_hal_flash.o(i.FLASH_Program_Byte), (36 bytes).
    Removing stm32f7xx_hal_flash.o(i.FLASH_Program_DoubleWord), (44 bytes).
    Removing stm32f7xx_hal_flash.o(i.FLASH_Program_HalfWord), (40 bytes).
    Removing stm32f7xx_hal_flash.o(i.FLASH_Program_Word), (40 bytes).
    Removing stm32f7xx_hal_flash.o(i.FLASH_SetErrorCode), (84 bytes).
    Removing stm32f7xx_hal_flash.o(i.FLASH_WaitForLastOperation), (72 bytes).
    Removing stm32f7xx_hal_flash.o(i.HAL_FLASH_EndOfOperationCallback), (2 bytes).
    Removing stm32f7xx_hal_flash.o(i.HAL_FLASH_GetError), (12 bytes).
    Removing stm32f7xx_hal_flash.o(i.HAL_FLASH_IRQHandler), (256 bytes).
    Removing stm32f7xx_hal_flash.o(i.HAL_FLASH_Lock), (20 bytes).
    Removing stm32f7xx_hal_flash.o(i.HAL_FLASH_OB_Launch), (24 bytes).
    Removing stm32f7xx_hal_flash.o(i.HAL_FLASH_OB_Lock), (20 bytes).
    Removing stm32f7xx_hal_flash.o(i.HAL_FLASH_OB_Unlock), (40 bytes).
    Removing stm32f7xx_hal_flash.o(i.HAL_FLASH_OperationErrorCallback), (2 bytes).
    Removing stm32f7xx_hal_flash.o(i.HAL_FLASH_Program), (132 bytes).
    Removing stm32f7xx_hal_flash.o(i.HAL_FLASH_Program_IT), (132 bytes).
    Removing stm32f7xx_hal_flash.o(i.HAL_FLASH_Unlock), (40 bytes).
    Removing stm32f7xx_hal_flash.o(.bss), (28 bytes).
    Removing stm32f7xx_hal_can.o(.rev16_text), (4 bytes).
    Removing stm32f7xx_hal_can.o(.revsh_text), (4 bytes).
    Removing stm32f7xx_hal_can.o(.rrx_text), (6 bytes).
    Removing stm32f7xx_hal_can.o(i.CAN_Receive_IT), (306 bytes).
    Removing stm32f7xx_hal_can.o(i.CAN_Transmit_IT), (96 bytes).
    Removing stm32f7xx_hal_can.o(i.HAL_CAN_DeInit), (34 bytes).
    Removing stm32f7xx_hal_can.o(i.HAL_CAN_ErrorCallback), (2 bytes).
    Removing stm32f7xx_hal_can.o(i.HAL_CAN_GetError), (4 bytes).
    Removing stm32f7xx_hal_can.o(i.HAL_CAN_GetState), (6 bytes).
    Removing stm32f7xx_hal_can.o(i.HAL_CAN_IRQHandler), (384 bytes).
    Removing stm32f7xx_hal_can.o(i.HAL_CAN_MspDeInit), (2 bytes).
    Removing stm32f7xx_hal_can.o(i.HAL_CAN_MspInit), (2 bytes).
    Removing stm32f7xx_hal_can.o(i.HAL_CAN_Receive_IT), (130 bytes).
    Removing stm32f7xx_hal_can.o(i.HAL_CAN_RxCpltCallback), (2 bytes).
    Removing stm32f7xx_hal_can.o(i.HAL_CAN_Sleep), (122 bytes).
    Removing stm32f7xx_hal_can.o(i.HAL_CAN_Transmit_IT), (314 bytes).
    Removing stm32f7xx_hal_can.o(i.HAL_CAN_TxCpltCallback), (2 bytes).
    Removing stm32f7xx_hal_can.o(i.HAL_CAN_WakeUp), (110 bytes).
    Removing stm32f7xx_hal_adc_ex.o(.rev16_text), (4 bytes).
    Removing stm32f7xx_hal_adc_ex.o(.revsh_text), (4 bytes).
    Removing stm32f7xx_hal_adc_ex.o(.rrx_text), (6 bytes).
    Removing stm32f7xx_hal_adc_ex.o(i.ADC_MultiModeDMAConvCplt), (90 bytes).
    Removing stm32f7xx_hal_adc_ex.o(i.ADC_MultiModeDMAError), (18 bytes).
    Removing stm32f7xx_hal_adc_ex.o(i.ADC_MultiModeDMAHalfConvCplt), (6 bytes).
    Removing stm32f7xx_hal_adc_ex.o(i.HAL_ADCEx_InjectedConfigChannel), (452 bytes).
    Removing stm32f7xx_hal_adc_ex.o(i.HAL_ADCEx_InjectedConvCpltCallback), (2 bytes).
    Removing stm32f7xx_hal_adc_ex.o(i.HAL_ADCEx_InjectedGetValue), (62 bytes).
    Removing stm32f7xx_hal_adc_ex.o(i.HAL_ADCEx_InjectedPollForConversion), (136 bytes).
    Removing stm32f7xx_hal_adc_ex.o(i.HAL_ADCEx_InjectedStart), (204 bytes).
    Removing stm32f7xx_hal_adc_ex.o(i.HAL_ADCEx_InjectedStart_IT), (220 bytes).
    Removing stm32f7xx_hal_adc_ex.o(i.HAL_ADCEx_InjectedStop), (84 bytes).
    Removing stm32f7xx_hal_adc_ex.o(i.HAL_ADCEx_InjectedStop_IT), (92 bytes).
    Removing stm32f7xx_hal_adc_ex.o(i.HAL_ADCEx_MultiModeConfigChannel), (108 bytes).
    Removing stm32f7xx_hal_adc_ex.o(i.HAL_ADCEx_MultiModeGetValue), (12 bytes).
    Removing stm32f7xx_hal_adc_ex.o(i.HAL_ADCEx_MultiModeStart_DMA), (256 bytes).
    Removing stm32f7xx_hal_adc_ex.o(i.HAL_ADCEx_MultiModeStop_DMA), (100 bytes).
    Removing stm32f7xx_hal_adc.o(.rev16_text), (4 bytes).
    Removing stm32f7xx_hal_adc.o(.revsh_text), (4 bytes).
    Removing stm32f7xx_hal_adc.o(.rrx_text), (6 bytes).
    Removing stm32f7xx_hal_adc.o(i.ADC_DMAConvCplt), (98 bytes).
    Removing stm32f7xx_hal_adc.o(i.ADC_DMAError), (22 bytes).
    Removing stm32f7xx_hal_adc.o(i.ADC_DMAHalfConvCplt), (10 bytes).
    Removing stm32f7xx_hal_adc.o(i.HAL_ADC_AnalogWDGConfig), (112 bytes).
    Removing stm32f7xx_hal_adc.o(i.HAL_ADC_ConvCpltCallback), (2 bytes).
    Removing stm32f7xx_hal_adc.o(i.HAL_ADC_ConvHalfCpltCallback), (2 bytes).
    Removing stm32f7xx_hal_adc.o(i.HAL_ADC_DeInit), (58 bytes).
    Removing stm32f7xx_hal_adc.o(i.HAL_ADC_ErrorCallback), (2 bytes).
    Removing stm32f7xx_hal_adc.o(i.HAL_ADC_GetError), (4 bytes).
    Removing stm32f7xx_hal_adc.o(i.HAL_ADC_IRQHandler), (316 bytes).
    Removing stm32f7xx_hal_adc.o(i.HAL_ADC_LevelOutOfWindowCallback), (2 bytes).
    Removing stm32f7xx_hal_adc.o(i.HAL_ADC_MspDeInit), (2 bytes).
    Removing stm32f7xx_hal_adc.o(i.HAL_ADC_MspInit), (2 bytes).
    Removing stm32f7xx_hal_adc.o(i.HAL_ADC_PollForEvent), (108 bytes).
    Removing stm32f7xx_hal_adc.o(i.HAL_ADC_Start_DMA), (252 bytes).
    Removing stm32f7xx_hal_adc.o(i.HAL_ADC_Start_IT), (196 bytes).
    Removing stm32f7xx_hal_adc.o(i.HAL_ADC_Stop), (60 bytes).
    Removing stm32f7xx_hal_adc.o(i.HAL_ADC_Stop_DMA), (88 bytes).
    Removing stm32f7xx_hal_adc.o(i.HAL_ADC_Stop_IT), (60 bytes).
    Removing cpg.o(.rev16_text), (4 bytes).
    Removing cpg.o(.revsh_text), (4 bytes).
    Removing cpg.o(.rrx_text), (6 bytes).
    Removing cpg.o(i.CpgEquation), (668 bytes).
    Removing cpg.o(i.CpgEquationAcc), (234 bytes).
    Removing cpg.o(i.CpgEquationVel), (276 bytes).
    Removing cpg.o(i.GetAcceleration), (16 bytes).
    Removing cpg.o(i.GetStateVariables), (16 bytes).
    Removing cpg.o(i.GetVelocity), (16 bytes).
    Removing cpg.o(i.OdeRungeKutta), (412 bytes).
    Removing cpg.o(i.OdeRungeKuttaAcc), (464 bytes).
    Removing cpg.o(i.OdeRungeKuttaVel), (412 bytes).
    Removing cpg.o(.bss), (32 bytes).
    Removing cpg.o(.bss), (1120 bytes).
    Removing cpg.o(.bss), (224 bytes).
    Removing stm32f7xx_it.o(.rev16_text), (4 bytes).
    Removing stm32f7xx_it.o(.revsh_text), (4 bytes).
    Removing stm32f7xx_it.o(.rrx_text), (6 bytes).
    Removing stm32f7xx_it.o(.bss), (16 bytes).
    Removing stm32f7xx_it.o(.bss), (16 bytes).
    Removing stm32f7xx_it.o(.bss), (44 bytes).
    Removing stm32f7xx_it.o(.bss), (44 bytes).
    Removing stm32f7xx_it.o(.data), (32 bytes).
    Removing stm32f7xx_it.o(.data), (32 bytes).
    Removing stm32f7xx_it.o(.data), (32 bytes).
    Removing stm32f7xx_it.o(.data), (4 bytes).
    Removing stm32f7xx_it.o(.data), (4 bytes).
    Removing stm32f7xx_it.o(.data), (4 bytes).
    Removing stm32f7xx_it.o(.data), (4 bytes).
    Removing stm32f7xx_it.o(.data), (4 bytes).
    Removing stm32f7xx_it.o(.data), (4 bytes).
    Removing stm32f7xx_it.o(.data), (4 bytes).
    Removing stm32f7xx_it.o(.data), (4 bytes).
    Removing stm32f7xx_it.o(.data), (4 bytes).
    Removing stm32f7xx_it.o(.data), (4 bytes).
    Removing stm32f7xx_it.o(.data), (4 bytes).
    Removing stm32f7xx_it.o(.data), (4 bytes).
    Removing stm32f7xx_it.o(.data), (4 bytes).
    Removing stm32f7xx_it.o(.data), (4 bytes).
    Removing stm32f7xx_it.o(.data), (4 bytes).
    Removing stm32f7xx_it.o(.data), (4 bytes).
    Removing stm32f7xx_it.o(.data), (4 bytes).
    Removing stm32f7xx_it.o(.data), (4 bytes).
    Removing stm32f7xx_it.o(.data), (4 bytes).
    Removing stm32f7xx_it.o(.data), (4 bytes).
    Removing stm32f7xx_it.o(.data), (4 bytes).
    Removing stm32f7xx_it.o(.data), (4 bytes).
    Removing stm32f7xx_it.o(.data), (4 bytes).
    Removing stm32f7xx_it.o(.data), (4 bytes).
    Removing stm32f7xx_it.o(.data), (4 bytes).
    Removing stm32f7xx_it.o(.data), (4 bytes).
    Removing stm32f7xx_it.o(.data), (4 bytes).
    Removing stm32f7xx_it.o(.data), (4 bytes).
    Removing stm32f7xx_it.o(.data), (4 bytes).
    Removing stm32f7xx_it.o(.data), (4 bytes).
    Removing stm32f7xx_it.o(.data), (4 bytes).
    Removing stm32f7xx_it.o(.data), (4 bytes).
    Removing stm32f7xx_it.o(.data), (4 bytes).
    Removing stm32f7xx_it.o(.data), (4 bytes).
    Removing stm32f7xx_it.o(.data), (8 bytes).
    Removing stm32f7xx_it.o(.data), (8 bytes).
    Removing stm32f7xx_it.o(.data), (8 bytes).
    Removing stm32f7xx_it.o(.data), (4 bytes).
    Removing stm32f7xx_it.o(.data), (4 bytes).
    Removing stm32f7xx_it.o(.data), (4 bytes).
    Removing stm32f7xx_it.o(.data), (4 bytes).
    Removing stm32f7xx_it.o(.data), (4 bytes).
    Removing stm32f7xx_it.o(.data), (4 bytes).
    Removing main.o(.rev16_text), (4 bytes).
    Removing main.o(.revsh_text), (4 bytes).
    Removing main.o(.rrx_text), (6 bytes).
    Removing main.o(i.HAL_UART_RxCpltCallback), (68 bytes).
    Removing main.o(i.fputc), (28 bytes).
    Removing main.o(i.instructionParse), (88 bytes).
    Removing main.o(.bss), (224 bytes).
    Removing main.o(.bss), (224 bytes).
    Removing main.o(.bss), (224 bytes).
    Removing main.o(.bss), (36 bytes).
    Removing main.o(.bss), (36 bytes).
    Removing main.o(.data), (8 bytes).
    Removing main.o(.data), (8 bytes).
    Removing main.o(.data), (4 bytes).
    Removing main.o(.data), (4 bytes).
    Removing main.o(.data), (12 bytes).
    Removing main.o(.data), (12 bytes).
    Removing main.o(.data), (12 bytes).
    Removing main.o(.data), (12 bytes).
    Removing main.o(.data), (4 bytes).
    Removing main.o(.data), (4 bytes).
    Removing main.o(.data), (4 bytes).
    Removing main.o(.data), (4 bytes).
    Removing main.o(.data), (4 bytes).
    Removing main.o(.data), (4 bytes).
    Removing main.o(.data), (1 bytes).
    Removing main.o(.data), (4 bytes).
    Removing main.o(.data), (4 bytes).
    Removing stm32f7xx_hal_msp.o(.rev16_text), (4 bytes).
    Removing stm32f7xx_hal_msp.o(.revsh_text), (4 bytes).
    Removing stm32f7xx_hal_msp.o(.rrx_text), (6 bytes).
    Removing stm32f7xx_hal_msp.o(i.HAL_ADC_MspDeInit), (72 bytes).
    Removing stm32f7xx_hal_msp.o(i.HAL_CAN_MspDeInit), (44 bytes).
    Removing stm32f7xx_hal_msp.o(i.HAL_TIM_Base_MspDeInit), (56 bytes).
    Removing stm32f7xx_hal_msp.o(i.HAL_UART_MspDeInit), (60 bytes).
    Removing arm_sin_f32.o(.rev16_text), (4 bytes).
    Removing arm_sin_f32.o(.revsh_text), (4 bytes).
    Removing arm_sin_f32.o(.rrx_text), (6 bytes).
    Removing arm_sin_f32.o(i.arm_sin_f32), (132 bytes).
    Removing arm_common_tables.o(.rev16_text), (4 bytes).
    Removing arm_common_tables.o(.revsh_text), (4 bytes).
    Removing arm_common_tables.o(.rrx_text), (6 bytes).
    Removing arm_common_tables.o(.constdata), (2048 bytes).
    Removing arm_common_tables.o(.constdata), (128 bytes).
    Removing arm_common_tables.o(.constdata), (256 bytes).
    Removing arm_common_tables.o(.constdata), (512 bytes).
    Removing arm_common_tables.o(.constdata), (1024 bytes).
    Removing arm_common_tables.o(.constdata), (2048 bytes).
    Removing arm_common_tables.o(.constdata), (4096 bytes).
    Removing arm_common_tables.o(.constdata), (8192 bytes).
    Removing arm_common_tables.o(.constdata), (16384 bytes).
    Removing arm_common_tables.o(.constdata), (32768 bytes).
    Removing arm_common_tables.o(.constdata), (96 bytes).
    Removing arm_common_tables.o(.constdata), (192 bytes).
    Removing arm_common_tables.o(.constdata), (384 bytes).
    Removing arm_common_tables.o(.constdata), (768 bytes).
    Removing arm_common_tables.o(.constdata), (1536 bytes).
    Removing arm_common_tables.o(.constdata), (3072 bytes).
    Removing arm_common_tables.o(.constdata), (6144 bytes).
    Removing arm_common_tables.o(.constdata), (12288 bytes).
    Removing arm_common_tables.o(.constdata), (24576 bytes).
    Removing arm_common_tables.o(.constdata), (48 bytes).
    Removing arm_common_tables.o(.constdata), (96 bytes).
    Removing arm_common_tables.o(.constdata), (192 bytes).
    Removing arm_common_tables.o(.constdata), (384 bytes).
    Removing arm_common_tables.o(.constdata), (768 bytes).
    Removing arm_common_tables.o(.constdata), (1536 bytes).
    Removing arm_common_tables.o(.constdata), (3072 bytes).
    Removing arm_common_tables.o(.constdata), (6144 bytes).
    Removing arm_common_tables.o(.constdata), (12288 bytes).
    Removing arm_common_tables.o(.constdata), (128 bytes).
    Removing arm_common_tables.o(.constdata), (256 bytes).
    Removing arm_common_tables.o(.constdata), (40 bytes).
    Removing arm_common_tables.o(.constdata), (96 bytes).
    Removing arm_common_tables.o(.constdata), (112 bytes).
    Removing arm_common_tables.o(.constdata), (416 bytes).
    Removing arm_common_tables.o(.constdata), (880 bytes).
    Removing arm_common_tables.o(.constdata), (896 bytes).
    Removing arm_common_tables.o(.constdata), (3600 bytes).
    Removing arm_common_tables.o(.constdata), (7616 bytes).
    Removing arm_common_tables.o(.constdata), (8064 bytes).
    Removing arm_common_tables.o(.constdata), (24 bytes).
    Removing arm_common_tables.o(.constdata), (48 bytes).
    Removing arm_common_tables.o(.constdata), (112 bytes).
    Removing arm_common_tables.o(.constdata), (224 bytes).
    Removing arm_common_tables.o(.constdata), (480 bytes).
    Removing arm_common_tables.o(.constdata), (960 bytes).
    Removing arm_common_tables.o(.constdata), (1984 bytes).
    Removing arm_common_tables.o(.constdata), (3968 bytes).
    Removing arm_common_tables.o(.constdata), (8064 bytes).
    Removing arm_common_tables.o(.constdata), (128 bytes).
    Removing arm_common_tables.o(.constdata), (256 bytes).
    Removing arm_common_tables.o(.constdata), (512 bytes).
    Removing arm_common_tables.o(.constdata), (1024 bytes).
    Removing arm_common_tables.o(.constdata), (2048 bytes).
    Removing arm_common_tables.o(.constdata), (4096 bytes).
    Removing arm_common_tables.o(.constdata), (8192 bytes).
    Removing arm_common_tables.o(.constdata), (16384 bytes).
    Removing arm_common_tables.o(.constdata), (2052 bytes).
    Removing arm_common_tables.o(.constdata), (2052 bytes).
    Removing arm_common_tables.o(.constdata), (1026 bytes).
    Removing arm_cos_f32.o(.rev16_text), (4 bytes).
    Removing arm_cos_f32.o(.revsh_text), (4 bytes).
    Removing arm_cos_f32.o(.rrx_text), (6 bytes).
    Removing arm_cos_f32.o(i.arm_cos_f32), (120 bytes).
    Removing startup_stm32f746xx_1.o(HEAP), (512 bytes).
    Removing system_stm32f7xx_1.o(.rev16_text), (4 bytes).
    Removing system_stm32f7xx_1.o(.revsh_text), (4 bytes).
    Removing system_stm32f7xx_1.o(.rrx_text), (6 bytes).
    Removing system_stm32f7xx_1.o(i.SystemCoreClockUpdate), (128 bytes).
    Removing system_stm32f7xx_1.o(.constdata), (16 bytes).

555 unused section(s) (total 248201 bytes) removed from the image.

==============================================================================

Image Symbol Table

    Local Symbols

    Symbol Name                              Value     Ov Type        Size  Object(Section)

    ../Drivers/CMSIS/Device/ST/STM32F7xx/Source/Templates/system_stm32f7xx.c 0x00000000   Number         0  system_stm32f7xx_1.o ABSOLUTE
    ../Drivers/STM32F7xx_HAL_Driver/Src/stm32f7xx_hal.c 0x00000000   Number         0  stm32f7xx_hal.o ABSOLUTE
    ../Drivers/STM32F7xx_HAL_Driver/Src/stm32f7xx_hal_adc.c 0x00000000   Number         0  stm32f7xx_hal_adc.o ABSOLUTE
    ../Drivers/STM32F7xx_HAL_Driver/Src/stm32f7xx_hal_adc_ex.c 0x00000000   Number         0  stm32f7xx_hal_adc_ex.o ABSOLUTE
    ../Drivers/STM32F7xx_HAL_Driver/Src/stm32f7xx_hal_can.c 0x00000000   Number         0  stm32f7xx_hal_can.o ABSOLUTE
    ../Drivers/STM32F7xx_HAL_Driver/Src/stm32f7xx_hal_cortex.c 0x00000000   Number         0  stm32f7xx_hal_cortex.o ABSOLUTE
    ../Drivers/STM32F7xx_HAL_Driver/Src/stm32f7xx_hal_dma.c 0x00000000   Number         0  stm32f7xx_hal_dma.o ABSOLUTE
    ../Drivers/STM32F7xx_HAL_Driver/Src/stm32f7xx_hal_dma_ex.c 0x00000000   Number         0  stm32f7xx_hal_dma_ex.o ABSOLUTE
    ../Drivers/STM32F7xx_HAL_Driver/Src/stm32f7xx_hal_flash.c 0x00000000   Number         0  stm32f7xx_hal_flash.o ABSOLUTE
    ../Drivers/STM32F7xx_HAL_Driver/Src/stm32f7xx_hal_flash_ex.c 0x00000000   Number         0  stm32f7xx_hal_flash_ex.o ABSOLUTE
    ../Drivers/STM32F7xx_HAL_Driver/Src/stm32f7xx_hal_gpio.c 0x00000000   Number         0  stm32f7xx_hal_gpio.o ABSOLUTE
    ../Drivers/STM32F7xx_HAL_Driver/Src/stm32f7xx_hal_pwr.c 0x00000000   Number         0  stm32f7xx_hal_pwr.o ABSOLUTE
    ../Drivers/STM32F7xx_HAL_Driver/Src/stm32f7xx_hal_pwr_ex.c 0x00000000   Number         0  stm32f7xx_hal_pwr_ex.o ABSOLUTE
    ../Drivers/STM32F7xx_HAL_Driver/Src/stm32f7xx_hal_rcc.c 0x00000000   Number         0  stm32f7xx_hal_rcc.o ABSOLUTE
    ../Drivers/STM32F7xx_HAL_Driver/Src/stm32f7xx_hal_rcc_ex.c 0x00000000   Number         0  stm32f7xx_hal_rcc_ex.o ABSOLUTE
    ../Drivers/STM32F7xx_HAL_Driver/Src/stm32f7xx_hal_tim.c 0x00000000   Number         0  stm32f7xx_hal_tim.o ABSOLUTE
    ../Drivers/STM32F7xx_HAL_Driver/Src/stm32f7xx_hal_tim_ex.c 0x00000000   Number         0  stm32f7xx_hal_tim_ex.o ABSOLUTE
    ../Drivers/STM32F7xx_HAL_Driver/Src/stm32f7xx_hal_uart.c 0x00000000   Number         0  stm32f7xx_hal_uart.o ABSOLUTE
    ../Src/main.c                            0x00000000   Number         0  main.o ABSOLUTE
    ../Src/stm32f7xx_hal_msp.c               0x00000000   Number         0  stm32f7xx_hal_msp.o ABSOLUTE
    ../Src/stm32f7xx_it.c                    0x00000000   Number         0  stm32f7xx_it.o ABSOLUTE
    ../clib/../cmprslib/zerorunl2.c          0x00000000   Number         0  __dczerorl2.o ABSOLUTE
    ../clib/microlib/init/entry.s            0x00000000   Number         0  entry10a.o ABSOLUTE
    ../clib/microlib/init/entry.s            0x00000000   Number         0  entry8b.o ABSOLUTE
    ../clib/microlib/init/entry.s            0x00000000   Number         0  entry8a.o ABSOLUTE
    ../clib/microlib/init/entry.s            0x00000000   Number         0  entry.o ABSOLUTE
    ../clib/microlib/init/entry.s            0x00000000   Number         0  entry11b.o ABSOLUTE
    ../clib/microlib/init/entry.s            0x00000000   Number         0  entry2.o ABSOLUTE
    ../clib/microlib/init/entry.s            0x00000000   Number         0  entry11a.o ABSOLUTE
    ../clib/microlib/init/entry.s            0x00000000   Number         0  entry5.o ABSOLUTE
    ../clib/microlib/init/entry.s            0x00000000   Number         0  entry7b.o ABSOLUTE
    ../clib/microlib/init/entry.s            0x00000000   Number         0  entry10b.o ABSOLUTE
    ../clib/microlib/init/entry.s            0x00000000   Number         0  entry7a.o ABSOLUTE
    ../clib/microlib/init/entry.s            0x00000000   Number         0  entry9b.o ABSOLUTE
    ../clib/microlib/init/entry.s            0x00000000   Number         0  entry9a.o ABSOLUTE
    ../clib/microlib/longlong.c              0x00000000   Number         0  llsshr.o ABSOLUTE
    ../clib/microlib/longlong.c              0x00000000   Number         0  llshl.o ABSOLUTE
    ../clib/microlib/longlong.c              0x00000000   Number         0  llushr.o ABSOLUTE
    ../clib/microlib/string/memcpy.c         0x00000000   Number         0  memcpyb.o ABSOLUTE
    ../clib/microlib/string/memcpy.c         0x00000000   Number         0  memcpya.o ABSOLUTE
    ../clib/microlib/stubs.s                 0x00000000   Number         0  iusefp.o ABSOLUTE
    ../fplib/microlib/d2f.c                  0x00000000   Number         0  d2f.o ABSOLUTE
    ../fplib/microlib/f2d.c                  0x00000000   Number         0  f2d.o ABSOLUTE
    ../fplib/microlib/fpadd.c                0x00000000   Number         0  dadd.o ABSOLUTE
    ../fplib/microlib/fpepilogue.c           0x00000000   Number         0  depilogue.o ABSOLUTE
    ../fplib/microlib/fpepilogue.c           0x00000000   Number         0  fepilogue.o ABSOLUTE
    ../fplib/microlib/fpmul.c                0x00000000   Number         0  dmul.o ABSOLUTE
    ..\Drivers\CMSIS\DSP_Lib\Source\CommonTables\arm_common_tables.c 0x00000000   Number         0  arm_common_tables.o ABSOLUTE
    ..\Drivers\CMSIS\DSP_Lib\Source\FastMathFunctions\arm_cos_f32.c 0x00000000   Number         0  arm_cos_f32.o ABSOLUTE
    ..\Drivers\CMSIS\DSP_Lib\Source\FastMathFunctions\arm_sin_f32.c 0x00000000   Number         0  arm_sin_f32.o ABSOLUTE
    ..\Drivers\CMSIS\Device\ST\STM32F7xx\Source\Templates\system_stm32f7xx.c 0x00000000   Number         0  system_stm32f7xx_1.o ABSOLUTE
    ..\Drivers\STM32F7xx_HAL_Driver\Src\stm32f7xx_hal.c 0x00000000   Number         0  stm32f7xx_hal.o ABSOLUTE
    ..\Drivers\STM32F7xx_HAL_Driver\Src\stm32f7xx_hal_adc.c 0x00000000   Number         0  stm32f7xx_hal_adc.o ABSOLUTE
    ..\Drivers\STM32F7xx_HAL_Driver\Src\stm32f7xx_hal_adc_ex.c 0x00000000   Number         0  stm32f7xx_hal_adc_ex.o ABSOLUTE
    ..\Drivers\STM32F7xx_HAL_Driver\Src\stm32f7xx_hal_can.c 0x00000000   Number         0  stm32f7xx_hal_can.o ABSOLUTE
    ..\Drivers\STM32F7xx_HAL_Driver\Src\stm32f7xx_hal_cortex.c 0x00000000   Number         0  stm32f7xx_hal_cortex.o ABSOLUTE
    ..\Drivers\STM32F7xx_HAL_Driver\Src\stm32f7xx_hal_dma.c 0x00000000   Number         0  stm32f7xx_hal_dma.o ABSOLUTE
    ..\Drivers\STM32F7xx_HAL_Driver\Src\stm32f7xx_hal_dma_ex.c 0x00000000   Number         0  stm32f7xx_hal_dma_ex.o ABSOLUTE
    ..\Drivers\STM32F7xx_HAL_Driver\Src\stm32f7xx_hal_flash.c 0x00000000   Number         0  stm32f7xx_hal_flash.o ABSOLUTE
    ..\Drivers\STM32F7xx_HAL_Driver\Src\stm32f7xx_hal_flash_ex.c 0x00000000   Number         0  stm32f7xx_hal_flash_ex.o ABSOLUTE
    ..\Drivers\STM32F7xx_HAL_Driver\Src\stm32f7xx_hal_gpio.c 0x00000000   Number         0  stm32f7xx_hal_gpio.o ABSOLUTE
    ..\Drivers\STM32F7xx_HAL_Driver\Src\stm32f7xx_hal_pwr.c 0x00000000   Number         0  stm32f7xx_hal_pwr.o ABSOLUTE
    ..\Drivers\STM32F7xx_HAL_Driver\Src\stm32f7xx_hal_pwr_ex.c 0x00000000   Number         0  stm32f7xx_hal_pwr_ex.o ABSOLUTE
    ..\Drivers\STM32F7xx_HAL_Driver\Src\stm32f7xx_hal_rcc.c 0x00000000   Number         0  stm32f7xx_hal_rcc.o ABSOLUTE
    ..\Drivers\STM32F7xx_HAL_Driver\Src\stm32f7xx_hal_rcc_ex.c 0x00000000   Number         0  stm32f7xx_hal_rcc_ex.o ABSOLUTE
    ..\Drivers\STM32F7xx_HAL_Driver\Src\stm32f7xx_hal_tim.c 0x00000000   Number         0  stm32f7xx_hal_tim.o ABSOLUTE
    ..\Drivers\STM32F7xx_HAL_Driver\Src\stm32f7xx_hal_tim_ex.c 0x00000000   Number         0  stm32f7xx_hal_tim_ex.o ABSOLUTE
    ..\Drivers\STM32F7xx_HAL_Driver\Src\stm32f7xx_hal_uart.c 0x00000000   Number         0  stm32f7xx_hal_uart.o ABSOLUTE
    ..\Src\main.c                            0x00000000   Number         0  main.o ABSOLUTE
    ..\Src\stm32f7xx_hal_msp.c               0x00000000   Number         0  stm32f7xx_hal_msp.o ABSOLUTE
    ..\Src\stm32f7xx_it.c                    0x00000000   Number         0  stm32f7xx_it.o ABSOLUTE
    ..\\Drivers\\CMSIS\\DSP_Lib\\Source\\CommonTables\\arm_common_tables.c 0x00000000   Number         0  arm_common_tables.o ABSOLUTE
    ..\\Drivers\\CMSIS\\DSP_Lib\\Source\\FastMathFunctions\\arm_cos_f32.c 0x00000000   Number         0  arm_cos_f32.o ABSOLUTE
    ..\\Drivers\\CMSIS\\DSP_Lib\\Source\\FastMathFunctions\\arm_sin_f32.c 0x00000000   Number         0  arm_sin_f32.o ABSOLUTE
    CPG.c                                    0x00000000   Number         0  cpg.o ABSOLUTE
    CPG.c                                    0x00000000   Number         0  cpg.o ABSOLUTE
    dc.s                                     0x00000000   Number         0  dc.o ABSOLUTE
    handlers.s                               0x00000000   Number         0  handlers.o ABSOLUTE
    init.s                                   0x00000000   Number         0  init.o ABSOLUTE
    startup_stm32f746xx.s                    0x00000000   Number         0  startup_stm32f746xx_1.o ABSOLUTE
    RESET                                    0x08000000   Section      456  startup_stm32f746xx_1.o(RESET)
    .ARM.Collect$$$$00000000                 0x080001c8   Section        0  entry.o(.ARM.Collect$$$$00000000)
    .ARM.Collect$$$$00000001                 0x080001c8   Section        4  entry2.o(.ARM.Collect$$$$00000001)
    .ARM.Collect$$$$00000004                 0x080001cc   Section        4  entry5.o(.ARM.Collect$$$$00000004)
    .ARM.Collect$$$$00000008                 0x080001d0   Section        0  entry7b.o(.ARM.Collect$$$$00000008)
    .ARM.Collect$$$$0000000A                 0x080001d0   Section        0  entry8b.o(.ARM.Collect$$$$0000000A)
    .ARM.Collect$$$$0000000B                 0x080001d0   Section        8  entry9a.o(.ARM.Collect$$$$0000000B)
    .ARM.Collect$$$$0000000D                 0x080001d8   Section        0  entry10a.o(.ARM.Collect$$$$0000000D)
    .ARM.Collect$$$$0000000F                 0x080001d8   Section        0  entry11a.o(.ARM.Collect$$$$0000000F)
    .ARM.Collect$$$$00002712                 0x080001d8   Section        4  entry2.o(.ARM.Collect$$$$00002712)
    __lit__00000000                          0x080001d8   Data           4  entry2.o(.ARM.Collect$$$$00002712)
    .text                                    0x080001dc   Section       36  startup_stm32f746xx_1.o(.text)
    $v0                                      0x080001dc   Number         0  startup_stm32f746xx_1.o(.text)
    .text                                    0x08000200   Section        0  memcpya.o(.text)
    .text                                    0x08000224   Section        0  dadd.o(.text)
    .text                                    0x08000372   Section        0  dmul.o(.text)
    .text                                    0x08000456   Section        0  f2d.o(.text)
    .text                                    0x0800047c   Section        0  d2f.o(.text)
    .text                                    0x080004b4   Section        0  llshl.o(.text)
    .text                                    0x080004d2   Section        0  llsshr.o(.text)
    .text                                    0x080004f6   Section        0  iusefp.o(.text)
    .text                                    0x080004f6   Section        0  fepilogue.o(.text)
    .text                                    0x08000564   Section        0  depilogue.o(.text)
    .text                                    0x08000620   Section       36  init.o(.text)
    .text                                    0x08000644   Section        0  llushr.o(.text)
    .text                                    0x08000664   Section        0  __dczerorl2.o(.text)
    i.ADC_Init                               0x080006bc   Section        0  stm32f7xx_hal_adc.o(i.ADC_Init)
    ADC_Init                                 0x080006bd   Thumb Code   302  stm32f7xx_hal_adc.o(i.ADC_Init)
    i.BusFault_Handler                       0x080007f4   Section        0  stm32f7xx_it.o(i.BusFault_Handler)
    i.CAN1_Filter_Init                       0x080007f8   Section        0  main.o(i.CAN1_Filter_Init)
    i.CPG_Init                               0x08000824   Section        0  cpg.o(i.CPG_Init)
    i.DebugMon_Handler                       0x080009bc   Section        0  stm32f7xx_it.o(i.DebugMon_Handler)
    i.HAL_ADC_ConfigChannel                  0x080009c0   Section        0  stm32f7xx_hal_adc.o(i.HAL_ADC_ConfigChannel)
    i.HAL_ADC_GetState                       0x08000b24   Section        0  stm32f7xx_hal_adc.o(i.HAL_ADC_GetState)
    i.HAL_ADC_GetValue                       0x08000b28   Section        0  stm32f7xx_hal_adc.o(i.HAL_ADC_GetValue)
    i.HAL_ADC_Init                           0x08000b2e   Section        0  stm32f7xx_hal_adc.o(i.HAL_ADC_Init)
    i.HAL_ADC_MspInit                        0x08000b84   Section        0  stm32f7xx_hal_msp.o(i.HAL_ADC_MspInit)
    i.HAL_ADC_PollForConversion              0x08000bf0   Section        0  stm32f7xx_hal_adc.o(i.HAL_ADC_PollForConversion)
    i.HAL_ADC_Start                          0x08000c90   Section        0  stm32f7xx_hal_adc.o(i.HAL_ADC_Start)
    i.HAL_CAN_ConfigFilter                   0x08000d48   Section        0  stm32f7xx_hal_can.o(i.HAL_CAN_ConfigFilter)
    i.HAL_CAN_Init                           0x08000e3c   Section        0  stm32f7xx_hal_can.o(i.HAL_CAN_Init)
    i.HAL_CAN_MspInit                        0x08000f88   Section        0  stm32f7xx_hal_msp.o(i.HAL_CAN_MspInit)
    i.HAL_CAN_Receive                        0x08000fd8   Section        0  stm32f7xx_hal_can.o(i.HAL_CAN_Receive)
    i.HAL_CAN_Transmit                       0x08001134   Section        0  stm32f7xx_hal_can.o(i.HAL_CAN_Transmit)
    i.HAL_Delay                              0x080012c4   Section        0  stm32f7xx_hal.o(i.HAL_Delay)
    i.HAL_GPIO_Init                          0x080012dc   Section        0  stm32f7xx_hal_gpio.o(i.HAL_GPIO_Init)
    i.HAL_GPIO_WritePin                      0x080014b4   Section        0  stm32f7xx_hal_gpio.o(i.HAL_GPIO_WritePin)
    i.HAL_GetTick                            0x080014c0   Section        0  stm32f7xx_hal.o(i.HAL_GetTick)
    i.HAL_IncTick                            0x080014cc   Section        0  stm32f7xx_hal.o(i.HAL_IncTick)
    i.HAL_Init                               0x080014dc   Section        0  stm32f7xx_hal.o(i.HAL_Init)
    i.HAL_InitTick                           0x080014f2   Section        0  stm32f7xx_hal.o(i.HAL_InitTick)
    i.HAL_MspInit                            0x08001514   Section        0  stm32f7xx_hal_msp.o(i.HAL_MspInit)
    i.HAL_NVIC_EnableIRQ                     0x08001558   Section        0  stm32f7xx_hal_cortex.o(i.HAL_NVIC_EnableIRQ)
    i.HAL_NVIC_SetPriority                   0x08001570   Section        0  stm32f7xx_hal_cortex.o(i.HAL_NVIC_SetPriority)
    i.HAL_NVIC_SetPriorityGrouping           0x080015b0   Section        0  stm32f7xx_hal_cortex.o(i.HAL_NVIC_SetPriorityGrouping)
    i.HAL_PWREx_EnableOverDrive              0x080015d4   Section        0  stm32f7xx_hal_pwr_ex.o(i.HAL_PWREx_EnableOverDrive)
    i.HAL_RCCEx_PeriphCLKConfig              0x08001640   Section        0  stm32f7xx_hal_rcc_ex.o(i.HAL_RCCEx_PeriphCLKConfig)
    i.HAL_RCC_CSSCallback                    0x08001cf0   Section        0  stm32f7xx_hal_rcc.o(i.HAL_RCC_CSSCallback)
    i.HAL_RCC_ClockConfig                    0x08001cf4   Section        0  stm32f7xx_hal_rcc.o(i.HAL_RCC_ClockConfig)
    i.HAL_RCC_GetHCLKFreq                    0x08001ec0   Section        0  stm32f7xx_hal_rcc.o(i.HAL_RCC_GetHCLKFreq)
    i.HAL_RCC_GetPCLK1Freq                   0x08001ef4   Section        0  stm32f7xx_hal_rcc.o(i.HAL_RCC_GetPCLK1Freq)
    i.HAL_RCC_GetPCLK2Freq                   0x08001f20   Section        0  stm32f7xx_hal_rcc.o(i.HAL_RCC_GetPCLK2Freq)
    i.HAL_RCC_GetSysClockFreq                0x08001f4c   Section        0  stm32f7xx_hal_rcc.o(i.HAL_RCC_GetSysClockFreq)
    i.HAL_RCC_NMI_IRQHandler                 0x08001fcc   Section        0  stm32f7xx_hal_rcc.o(i.HAL_RCC_NMI_IRQHandler)
    i.HAL_RCC_OscConfig                      0x08001fe8   Section        0  stm32f7xx_hal_rcc.o(i.HAL_RCC_OscConfig)
    i.HAL_SYSTICK_CLKSourceConfig            0x08002384   Section        0  stm32f7xx_hal_cortex.o(i.HAL_SYSTICK_CLKSourceConfig)
    i.HAL_SYSTICK_Callback                   0x0800239c   Section        0  stm32f7xx_hal_cortex.o(i.HAL_SYSTICK_Callback)
    i.HAL_SYSTICK_Config                     0x0800239e   Section        0  stm32f7xx_hal_cortex.o(i.HAL_SYSTICK_Config)
    i.HAL_SYSTICK_IRQHandler                 0x080023c4   Section        0  stm32f7xx_hal_cortex.o(i.HAL_SYSTICK_IRQHandler)
    i.HAL_TIMEx_BreakCallback                0x080023cc   Section        0  stm32f7xx_hal_tim_ex.o(i.HAL_TIMEx_BreakCallback)
    i.HAL_TIMEx_CommutationCallback          0x080023ce   Section        0  stm32f7xx_hal_tim_ex.o(i.HAL_TIMEx_CommutationCallback)
    i.HAL_TIMEx_MasterConfigSynchronization  0x080023d0   Section        0  stm32f7xx_hal_tim_ex.o(i.HAL_TIMEx_MasterConfigSynchronization)
    i.HAL_TIM_Base_Init                      0x08002428   Section        0  stm32f7xx_hal_tim.o(i.HAL_TIM_Base_Init)
    i.HAL_TIM_Base_MspInit                   0x08002458   Section        0  stm32f7xx_hal_msp.o(i.HAL_TIM_Base_MspInit)
    i.HAL_TIM_Base_Start_IT                  0x080024b8   Section        0  stm32f7xx_hal_tim.o(i.HAL_TIM_Base_Start_IT)
    i.HAL_TIM_ConfigClockSource              0x080024d0   Section        0  stm32f7xx_hal_tim.o(i.HAL_TIM_ConfigClockSource)
    i.HAL_TIM_IC_CaptureCallback             0x080025cc   Section        0  stm32f7xx_hal_tim.o(i.HAL_TIM_IC_CaptureCallback)
    i.HAL_TIM_IRQHandler                     0x080025ce   Section        0  stm32f7xx_hal_tim.o(i.HAL_TIM_IRQHandler)
    i.HAL_TIM_OC_DelayElapsedCallback        0x0800274c   Section        0  stm32f7xx_hal_tim.o(i.HAL_TIM_OC_DelayElapsedCallback)
    i.HAL_TIM_PWM_PulseFinishedCallback      0x0800274e   Section        0  stm32f7xx_hal_tim.o(i.HAL_TIM_PWM_PulseFinishedCallback)
    i.HAL_TIM_PeriodElapsedCallback          0x08002750   Section        0  stm32f7xx_hal_tim.o(i.HAL_TIM_PeriodElapsedCallback)
    i.HAL_TIM_TriggerCallback                0x08002752   Section        0  stm32f7xx_hal_tim.o(i.HAL_TIM_TriggerCallback)
    i.HAL_UART_Init                          0x08002754   Section        0  stm32f7xx_hal_uart.o(i.HAL_UART_Init)
    i.HAL_UART_MspInit                       0x080027c0   Section        0  stm32f7xx_hal_msp.o(i.HAL_UART_MspInit)
    i.HAL_UART_Receive_IT                    0x08002818   Section        0  stm32f7xx_hal_uart.o(i.HAL_UART_Receive_IT)
    i.HAL_UART_Transmit                      0x080028c8   Section        0  stm32f7xx_hal_uart.o(i.HAL_UART_Transmit)
    i.HardFault_Handler                      0x08002990   Section        0  stm32f7xx_it.o(i.HardFault_Handler)
    i.MX_ADC1_Init                           0x08002994   Section        0  main.o(i.MX_ADC1_Init)
    MX_ADC1_Init                             0x08002995   Thumb Code    52  main.o(i.MX_ADC1_Init)
    i.MX_CAN1_Init                           0x080029d0   Section        0  main.o(i.MX_CAN1_Init)
    MX_CAN1_Init                             0x080029d1   Thumb Code    48  main.o(i.MX_CAN1_Init)
    i.MX_GPIO_Init                           0x08002a08   Section        0  main.o(i.MX_GPIO_Init)
    MX_GPIO_Init                             0x08002a09   Thumb Code   126  main.o(i.MX_GPIO_Init)
    i.MX_USART2_UART_Init                    0x08002a90   Section        0  main.o(i.MX_USART2_UART_Init)
    MX_USART2_UART_Init                      0x08002a91   Thumb Code    40  main.o(i.MX_USART2_UART_Init)
    i.MemManage_Handler                      0x08002ac0   Section        0  stm32f7xx_it.o(i.MemManage_Handler)
    i.NMI_Handler                            0x08002ac2   Section        0  stm32f7xx_it.o(i.NMI_Handler)
    i.NVIC_SetPriority                       0x08002ac6   Section        0  stm32f7xx_hal_cortex.o(i.NVIC_SetPriority)
    NVIC_SetPriority                         0x08002ac7   Thumb Code    34  stm32f7xx_hal_cortex.o(i.NVIC_SetPriority)
    i.Servo_Init                             0x08002ae8   Section        0  main.o(i.Servo_Init)
    i.SysTick_Handler                        0x08003388   Section        0  stm32f7xx_it.o(i.SysTick_Handler)
    i.SystemClock_Config                     0x08003398   Section        0  main.o(i.SystemClock_Config)
    SystemClock_Config                       0x08003399   Thumb Code   152  main.o(i.SystemClock_Config)
    i.SystemInit                             0x08003438   Section        0  system_stm32f7xx_1.o(i.SystemInit)
    i.TIM2_IRQHandler                        0x0800348c   Section        0  stm32f7xx_it.o(i.TIM2_IRQHandler)
    i.TIM3_IRQHandler                        0x08003c54   Section        0  stm32f7xx_it.o(i.TIM3_IRQHandler)
    i.TIM_Base_SetConfig                     0x08004250   Section        0  stm32f7xx_hal_tim.o(i.TIM_Base_SetConfig)
    i.TIM_ETR_SetConfig                      0x08004314   Section        0  stm32f7xx_hal_tim.o(i.TIM_ETR_SetConfig)
    i.TIM_ITRx_SetConfig                     0x08004326   Section        0  stm32f7xx_hal_tim.o(i.TIM_ITRx_SetConfig)
    TIM_ITRx_SetConfig                       0x08004327   Thumb Code    16  stm32f7xx_hal_tim.o(i.TIM_ITRx_SetConfig)
    i.TIM_TI1_ConfigInputStage               0x08004336   Section        0  stm32f7xx_hal_tim.o(i.TIM_TI1_ConfigInputStage)
    TIM_TI1_ConfigInputStage                 0x08004337   Thumb Code    34  stm32f7xx_hal_tim.o(i.TIM_TI1_ConfigInputStage)
    i.TIM_TI2_ConfigInputStage               0x08004358   Section        0  stm32f7xx_hal_tim.o(i.TIM_TI2_ConfigInputStage)
    TIM_TI2_ConfigInputStage                 0x08004359   Thumb Code    36  stm32f7xx_hal_tim.o(i.TIM_TI2_ConfigInputStage)
    i.UART_AdvFeatureConfig                  0x0800437c   Section        0  stm32f7xx_hal_uart.o(i.UART_AdvFeatureConfig)
    i.UART_CheckIdleState                    0x08004444   Section        0  stm32f7xx_hal_uart.o(i.UART_CheckIdleState)
    i.UART_SetConfig                         0x08004494   Section        0  stm32f7xx_hal_uart.o(i.UART_SetConfig)
    i.UART_WaitOnFlagUntilTimeout            0x080046dc   Section        0  stm32f7xx_hal_uart.o(i.UART_WaitOnFlagUntilTimeout)
    i.UsageFault_Handler                     0x0800476e   Section        0  stm32f7xx_it.o(i.UsageFault_Handler)
    i.__scatterload_copy                     0x08004770   Section       14  handlers.o(i.__scatterload_copy)
    i.__scatterload_null                     0x0800477e   Section        2  handlers.o(i.__scatterload_null)
    i.__scatterload_zeroinit                 0x08004780   Section       14  handlers.o(i.__scatterload_zeroinit)
    i.absFun                                 0x0800478e   Section        0  stm32f7xx_it.o(i.absFun)
    i.main                                   0x080047a0   Section        0  main.o(i.main)
    .constdata                               0x08004b90   Section       16  stm32f7xx_hal_rcc.o(.constdata)
    .data                                    0x20000000   Section        4  stm32f7xx_hal.o(.data)
    uwTick                                   0x20000000   Data           4  stm32f7xx_hal.o(.data)
    .data                                    0x20000004   Section      628  cpg.o(.data)
    .data                                    0x20000278   Section      112  stm32f7xx_it.o(.data)
    .data                                    0x200002e8   Section      108  main.o(.data)
    .data                                    0x20000354   Section       12  main.o(.data)
    .data                                    0x20000360   Section       12  main.o(.data)
    .data                                    0x2000036c   Section        4  main.o(.data)
    .data                                    0x20000370   Section        4  main.o(.data)
    .data                                    0x20000374   Section        4  main.o(.data)
    .data                                    0x20000378   Section        4  system_stm32f7xx_1.o(.data)
    .bss                                     0x2000037c   Section       32  stm32f7xx_it.o(.bss)
    .bss                                     0x2000039c   Section     1552  main.o(.bss)
    .bss                                     0x200009ac   Section       28  main.o(.bss)
    .bss                                     0x200009c8   Section       32  main.o(.bss)
    .bss                                     0x200009e8   Section       16  main.o(.bss)
    .bss                                     0x200009f8   Section      128  main.o(.bss)
    .bss                                     0x20000a78   Section       96  main.o(.bss)
    STACK                                    0x20000ad8   Section     1024  startup_stm32f746xx_1.o(STACK)

    Global Symbols

    Symbol Name                              Value     Ov Type        Size  Object(Section)

    BuildAttributes$$THM_ISAv4$E$P$D$K$B$S$7EM$VFPi3$EXTD16$VFPS$VFMA$PE$PLD8$A:L22UL41UL21$X:L11$S22US41US21$IEEE1$IW$USESV6$~STKCKD$USESV7$~SHL$OTIME$ROPI$EBA8$MICROLIB$REQ8$PRES8$EABIv2 0x00000000   Number         0  anon$$obj.o ABSOLUTE
    __ARM_use_no_argv                        0x00000000   Number         0  main.o ABSOLUTE
    __cpp_initialize__aeabi_                  - Undefined Weak Reference
    __cxa_finalize                            - Undefined Weak Reference
    _clock_init                               - Undefined Weak Reference
    _microlib_exit                            - Undefined Weak Reference
    __Vectors_Size                           0x000001c8   Number         0  startup_stm32f746xx_1.o ABSOLUTE
    __Vectors                                0x08000000   Data           4  startup_stm32f746xx_1.o(RESET)
    __Vectors_End                            0x080001c8   Data           0  startup_stm32f746xx_1.o(RESET)
    __main                                   0x080001c9   Thumb Code     0  entry.o(.ARM.Collect$$$$00000000)
    _main_stk                                0x080001c9   Thumb Code     0  entry2.o(.ARM.Collect$$$$00000001)
    _main_scatterload                        0x080001cd   Thumb Code     0  entry5.o(.ARM.Collect$$$$00000004)
    __main_after_scatterload                 0x080001d1   Thumb Code     0  entry5.o(.ARM.Collect$$$$00000004)
    _main_clock                              0x080001d1   Thumb Code     0  entry7b.o(.ARM.Collect$$$$00000008)
    _main_cpp_init                           0x080001d1   Thumb Code     0  entry8b.o(.ARM.Collect$$$$0000000A)
    _main_init                               0x080001d1   Thumb Code     0  entry9a.o(.ARM.Collect$$$$0000000B)
    __rt_final_cpp                           0x080001d9   Thumb Code     0  entry10a.o(.ARM.Collect$$$$0000000D)
    __rt_final_exit                          0x080001d9   Thumb Code     0  entry11a.o(.ARM.Collect$$$$0000000F)
    Reset_Handler                            0x080001dd   Thumb Code     8  startup_stm32f746xx_1.o(.text)
    SVC_Handler                              0x080001ef   Thumb Code     2  startup_stm32f746xx_1.o(.text)
    PendSV_Handler                           0x080001f3   Thumb Code     2  startup_stm32f746xx_1.o(.text)
    ADC_IRQHandler                           0x080001f7   Thumb Code     0  startup_stm32f746xx_1.o(.text)
    CAN1_RX0_IRQHandler                      0x080001f7   Thumb Code     0  startup_stm32f746xx_1.o(.text)
    CAN1_RX1_IRQHandler                      0x080001f7   Thumb Code     0  startup_stm32f746xx_1.o(.text)
    CAN1_SCE_IRQHandler                      0x080001f7   Thumb Code     0  startup_stm32f746xx_1.o(.text)
    CAN1_TX_IRQHandler                       0x080001f7   Thumb Code     0  startup_stm32f746xx_1.o(.text)
    CAN2_RX0_IRQHandler                      0x080001f7   Thumb Code     0  startup_stm32f746xx_1.o(.text)
    CAN2_RX1_IRQHandler                      0x080001f7   Thumb Code     0  startup_stm32f746xx_1.o(.text)
    CAN2_SCE_IRQHandler                      0x080001f7   Thumb Code     0  startup_stm32f746xx_1.o(.text)
    CAN2_TX_IRQHandler                       0x080001f7   Thumb Code     0  startup_stm32f746xx_1.o(.text)
    CEC_IRQHandler                           0x080001f7   Thumb Code     0  startup_stm32f746xx_1.o(.text)
    DCMI_IRQHandler                          0x080001f7   Thumb Code     0  startup_stm32f746xx_1.o(.text)
    DMA1_Stream0_IRQHandler                  0x080001f7   Thumb Code     0  startup_stm32f746xx_1.o(.text)
    DMA1_Stream1_IRQHandler                  0x080001f7   Thumb Code     0  startup_stm32f746xx_1.o(.text)
    DMA1_Stream2_IRQHandler                  0x080001f7   Thumb Code     0  startup_stm32f746xx_1.o(.text)
    DMA1_Stream3_IRQHandler                  0x080001f7   Thumb Code     0  startup_stm32f746xx_1.o(.text)
    DMA1_Stream4_IRQHandler                  0x080001f7   Thumb Code     0  startup_stm32f746xx_1.o(.text)
    DMA1_Stream5_IRQHandler                  0x080001f7   Thumb Code     0  startup_stm32f746xx_1.o(.text)
    DMA1_Stream6_IRQHandler                  0x080001f7   Thumb Code     0  startup_stm32f746xx_1.o(.text)
    DMA1_Stream7_IRQHandler                  0x080001f7   Thumb Code     0  startup_stm32f746xx_1.o(.text)
    DMA2D_IRQHandler                         0x080001f7   Thumb Code     0  startup_stm32f746xx_1.o(.text)
    DMA2_Stream0_IRQHandler                  0x080001f7   Thumb Code     0  startup_stm32f746xx_1.o(.text)
    DMA2_Stream1_IRQHandler                  0x080001f7   Thumb Code     0  startup_stm32f746xx_1.o(.text)
    DMA2_Stream2_IRQHandler                  0x080001f7   Thumb Code     0  startup_stm32f746xx_1.o(.text)
    DMA2_Stream3_IRQHandler                  0x080001f7   Thumb Code     0  startup_stm32f746xx_1.o(.text)
    DMA2_Stream4_IRQHandler                  0x080001f7   Thumb Code     0  startup_stm32f746xx_1.o(.text)
    DMA2_Stream5_IRQHandler                  0x080001f7   Thumb Code     0  startup_stm32f746xx_1.o(.text)
    DMA2_Stream6_IRQHandler                  0x080001f7   Thumb Code     0  startup_stm32f746xx_1.o(.text)
    DMA2_Stream7_IRQHandler                  0x080001f7   Thumb Code     0  startup_stm32f746xx_1.o(.text)
    ETH_IRQHandler                           0x080001f7   Thumb Code     0  startup_stm32f746xx_1.o(.text)
    ETH_WKUP_IRQHandler                      0x080001f7   Thumb Code     0  startup_stm32f746xx_1.o(.text)
    EXTI0_IRQHandler                         0x080001f7   Thumb Code     0  startup_stm32f746xx_1.o(.text)
    EXTI15_10_IRQHandler                     0x080001f7   Thumb Code     0  startup_stm32f746xx_1.o(.text)
    EXTI1_IRQHandler                         0x080001f7   Thumb Code     0  startup_stm32f746xx_1.o(.text)
    EXTI2_IRQHandler                         0x080001f7   Thumb Code     0  startup_stm32f746xx_1.o(.text)
    EXTI3_IRQHandler                         0x080001f7   Thumb Code     0  startup_stm32f746xx_1.o(.text)
    EXTI4_IRQHandler                         0x080001f7   Thumb Code     0  startup_stm32f746xx_1.o(.text)
    EXTI9_5_IRQHandler                       0x080001f7   Thumb Code     0  startup_stm32f746xx_1.o(.text)
    FLASH_IRQHandler                         0x080001f7   Thumb Code     0  startup_stm32f746xx_1.o(.text)
    FMC_IRQHandler                           0x080001f7   Thumb Code     0  startup_stm32f746xx_1.o(.text)
    FPU_IRQHandler                           0x080001f7   Thumb Code     0  startup_stm32f746xx_1.o(.text)
    I2C1_ER_IRQHandler                       0x080001f7   Thumb Code     0  startup_stm32f746xx_1.o(.text)
    I2C1_EV_IRQHandler                       0x080001f7   Thumb Code     0  startup_stm32f746xx_1.o(.text)
    I2C2_ER_IRQHandler                       0x080001f7   Thumb Code     0  startup_stm32f746xx_1.o(.text)
    I2C2_EV_IRQHandler                       0x080001f7   Thumb Code     0  startup_stm32f746xx_1.o(.text)
    I2C3_ER_IRQHandler                       0x080001f7   Thumb Code     0  startup_stm32f746xx_1.o(.text)
    I2C3_EV_IRQHandler                       0x080001f7   Thumb Code     0  startup_stm32f746xx_1.o(.text)
    I2C4_ER_IRQHandler                       0x080001f7   Thumb Code     0  startup_stm32f746xx_1.o(.text)
    I2C4_EV_IRQHandler                       0x080001f7   Thumb Code     0  startup_stm32f746xx_1.o(.text)
    LPTIM1_IRQHandler                        0x080001f7   Thumb Code     0  startup_stm32f746xx_1.o(.text)
    LTDC_ER_IRQHandler                       0x080001f7   Thumb Code     0  startup_stm32f746xx_1.o(.text)
    LTDC_IRQHandler                          0x080001f7   Thumb Code     0  startup_stm32f746xx_1.o(.text)
    OTG_FS_IRQHandler                        0x080001f7   Thumb Code     0  startup_stm32f746xx_1.o(.text)
    OTG_FS_WKUP_IRQHandler                   0x080001f7   Thumb Code     0  startup_stm32f746xx_1.o(.text)
    OTG_HS_EP1_IN_IRQHandler                 0x080001f7   Thumb Code     0  startup_stm32f746xx_1.o(.text)
    OTG_HS_EP1_OUT_IRQHandler                0x080001f7   Thumb Code     0  startup_stm32f746xx_1.o(.text)
    OTG_HS_IRQHandler                        0x080001f7   Thumb Code     0  startup_stm32f746xx_1.o(.text)
    OTG_HS_WKUP_IRQHandler                   0x080001f7   Thumb Code     0  startup_stm32f746xx_1.o(.text)
    PVD_IRQHandler                           0x080001f7   Thumb Code     0  startup_stm32f746xx_1.o(.text)
    QUADSPI_IRQHandler                       0x080001f7   Thumb Code     0  startup_stm32f746xx_1.o(.text)
    RCC_IRQHandler                           0x080001f7   Thumb Code     0  startup_stm32f746xx_1.o(.text)
    RNG_IRQHandler                           0x080001f7   Thumb Code     0  startup_stm32f746xx_1.o(.text)
    RTC_Alarm_IRQHandler                     0x080001f7   Thumb Code     0  startup_stm32f746xx_1.o(.text)
    RTC_WKUP_IRQHandler                      0x080001f7   Thumb Code     0  startup_stm32f746xx_1.o(.text)
    SAI1_IRQHandler                          0x080001f7   Thumb Code     0  startup_stm32f746xx_1.o(.text)
    SAI2_IRQHandler                          0x080001f7   Thumb Code     0  startup_stm32f746xx_1.o(.text)
    SDMMC1_IRQHandler                        0x080001f7   Thumb Code     0  startup_stm32f746xx_1.o(.text)
    SPDIF_RX_IRQHandler                      0x080001f7   Thumb Code     0  startup_stm32f746xx_1.o(.text)
    SPI1_IRQHandler                          0x080001f7   Thumb Code     0  startup_stm32f746xx_1.o(.text)
    SPI2_IRQHandler                          0x080001f7   Thumb Code     0  startup_stm32f746xx_1.o(.text)
    SPI3_IRQHandler                          0x080001f7   Thumb Code     0  startup_stm32f746xx_1.o(.text)
    SPI4_IRQHandler                          0x080001f7   Thumb Code     0  startup_stm32f746xx_1.o(.text)
    SPI5_IRQHandler                          0x080001f7   Thumb Code     0  startup_stm32f746xx_1.o(.text)
    SPI6_IRQHandler                          0x080001f7   Thumb Code     0  startup_stm32f746xx_1.o(.text)
    TAMP_STAMP_IRQHandler                    0x080001f7   Thumb Code     0  startup_stm32f746xx_1.o(.text)
    TIM1_BRK_TIM9_IRQHandler                 0x080001f7   Thumb Code     0  startup_stm32f746xx_1.o(.text)
    TIM1_CC_IRQHandler                       0x080001f7   Thumb Code     0  startup_stm32f746xx_1.o(.text)
    TIM1_TRG_COM_TIM11_IRQHandler            0x080001f7   Thumb Code     0  startup_stm32f746xx_1.o(.text)
    TIM1_UP_TIM10_IRQHandler                 0x080001f7   Thumb Code     0  startup_stm32f746xx_1.o(.text)
    TIM4_IRQHandler                          0x080001f7   Thumb Code     0  startup_stm32f746xx_1.o(.text)
    TIM5_IRQHandler                          0x080001f7   Thumb Code     0  startup_stm32f746xx_1.o(.text)
    TIM6_DAC_IRQHandler                      0x080001f7   Thumb Code     0  startup_stm32f746xx_1.o(.text)
    TIM7_IRQHandler                          0x080001f7   Thumb Code     0  startup_stm32f746xx_1.o(.text)
    TIM8_BRK_TIM12_IRQHandler                0x080001f7   Thumb Code     0  startup_stm32f746xx_1.o(.text)
    TIM8_CC_IRQHandler                       0x080001f7   Thumb Code     0  startup_stm32f746xx_1.o(.text)
    TIM8_TRG_COM_TIM14_IRQHandler            0x080001f7   Thumb Code     0  startup_stm32f746xx_1.o(.text)
    TIM8_UP_TIM13_IRQHandler                 0x080001f7   Thumb Code     0  startup_stm32f746xx_1.o(.text)
    UART4_IRQHandler                         0x080001f7   Thumb Code     0  startup_stm32f746xx_1.o(.text)
    UART5_IRQHandler                         0x080001f7   Thumb Code     0  startup_stm32f746xx_1.o(.text)
    UART7_IRQHandler                         0x080001f7   Thumb Code     0  startup_stm32f746xx_1.o(.text)
    UART8_IRQHandler                         0x080001f7   Thumb Code     0  startup_stm32f746xx_1.o(.text)
    USART1_IRQHandler                        0x080001f7   Thumb Code     0  startup_stm32f746xx_1.o(.text)
    USART2_IRQHandler                        0x080001f7   Thumb Code     0  startup_stm32f746xx_1.o(.text)
    USART3_IRQHandler                        0x080001f7   Thumb Code     0  startup_stm32f746xx_1.o(.text)
    USART6_IRQHandler                        0x080001f7   Thumb Code     0  startup_stm32f746xx_1.o(.text)
    WWDG_IRQHandler                          0x080001f7   Thumb Code     0  startup_stm32f746xx_1.o(.text)
    __aeabi_memcpy                           0x08000201   Thumb Code    36  memcpya.o(.text)
    __aeabi_memcpy4                          0x08000201   Thumb Code     0  memcpya.o(.text)
    __aeabi_memcpy8                          0x08000201   Thumb Code     0  memcpya.o(.text)
    __aeabi_dadd                             0x08000225   Thumb Code   322  dadd.o(.text)
    __aeabi_dsub                             0x08000367   Thumb Code     6  dadd.o(.text)
    __aeabi_drsub                            0x0800036d   Thumb Code     6  dadd.o(.text)
    __aeabi_dmul                             0x08000373   Thumb Code   228  dmul.o(.text)
    __aeabi_f2d                              0x08000457   Thumb Code    38  f2d.o(.text)
    __aeabi_d2f                              0x0800047d   Thumb Code    56  d2f.o(.text)
    __aeabi_llsl                             0x080004b5   Thumb Code    30  llshl.o(.text)
    _ll_shift_l                              0x080004b5   Thumb Code     0  llshl.o(.text)
    __aeabi_lasr                             0x080004d3   Thumb Code    36  llsshr.o(.text)
    _ll_sshift_r                             0x080004d3   Thumb Code     0  llsshr.o(.text)
    __I$use$fp                               0x080004f7   Thumb Code     0  iusefp.o(.text)
    _float_round                             0x080004f7   Thumb Code    18  fepilogue.o(.text)
    _float_epilogue                          0x08000509   Thumb Code    92  fepilogue.o(.text)
    _double_round                            0x08000565   Thumb Code    30  depilogue.o(.text)
    _double_epilogue                         0x08000583   Thumb Code   156  depilogue.o(.text)
    __scatterload                            0x08000621   Thumb Code    28  init.o(.text)
    __scatterload_rt2                        0x08000621   Thumb Code     0  init.o(.text)
    __aeabi_llsr                             0x08000645   Thumb Code    32  llushr.o(.text)
    _ll_ushift_r                             0x08000645   Thumb Code     0  llushr.o(.text)
    __decompress                             0x08000665   Thumb Code     0  __dczerorl2.o(.text)
    __decompress1                            0x08000665   Thumb Code    86  __dczerorl2.o(.text)
    BusFault_Handler                         0x080007f5   Thumb Code     2  stm32f7xx_it.o(i.BusFault_Handler)
    CAN1_Filter_Init                         0x080007f9   Thumb Code    38  main.o(i.CAN1_Filter_Init)
    CPG_Init                                 0x08000825   Thumb Code   394  cpg.o(i.CPG_Init)
    DebugMon_Handler                         0x080009bd   Thumb Code     2  stm32f7xx_it.o(i.DebugMon_Handler)
    HAL_ADC_ConfigChannel                    0x080009c1   Thumb Code   338  stm32f7xx_hal_adc.o(i.HAL_ADC_ConfigChannel)
    HAL_ADC_GetState                         0x08000b25   Thumb Code     4  stm32f7xx_hal_adc.o(i.HAL_ADC_GetState)
    HAL_ADC_GetValue                         0x08000b29   Thumb Code     6  stm32f7xx_hal_adc.o(i.HAL_ADC_GetValue)
    HAL_ADC_Init                             0x08000b2f   Thumb Code    84  stm32f7xx_hal_adc.o(i.HAL_ADC_Init)
    HAL_ADC_MspInit                          0x08000b85   Thumb Code    86  stm32f7xx_hal_msp.o(i.HAL_ADC_MspInit)
    HAL_ADC_PollForConversion                0x08000bf1   Thumb Code   160  stm32f7xx_hal_adc.o(i.HAL_ADC_PollForConversion)
    HAL_ADC_Start                            0x08000c91   Thumb Code   170  stm32f7xx_hal_adc.o(i.HAL_ADC_Start)
    HAL_CAN_ConfigFilter                     0x08000d49   Thumb Code   236  stm32f7xx_hal_can.o(i.HAL_CAN_ConfigFilter)
    HAL_CAN_Init                             0x08000e3d   Thumb Code   330  stm32f7xx_hal_can.o(i.HAL_CAN_Init)
    HAL_CAN_MspInit                          0x08000f89   Thumb Code    66  stm32f7xx_hal_msp.o(i.HAL_CAN_MspInit)
    HAL_CAN_Receive                          0x08000fd9   Thumb Code   346  stm32f7xx_hal_can.o(i.HAL_CAN_Receive)
    HAL_CAN_Transmit                         0x08001135   Thumb Code   386  stm32f7xx_hal_can.o(i.HAL_CAN_Transmit)
    HAL_Delay                                0x080012c5   Thumb Code    22  stm32f7xx_hal.o(i.HAL_Delay)
    HAL_GPIO_Init                            0x080012dd   Thumb Code   418  stm32f7xx_hal_gpio.o(i.HAL_GPIO_Init)
    HAL_GPIO_WritePin                        0x080014b5   Thumb Code    10  stm32f7xx_hal_gpio.o(i.HAL_GPIO_WritePin)
    HAL_GetTick                              0x080014c1   Thumb Code     6  stm32f7xx_hal.o(i.HAL_GetTick)
    HAL_IncTick                              0x080014cd   Thumb Code    10  stm32f7xx_hal.o(i.HAL_IncTick)
    HAL_Init                                 0x080014dd   Thumb Code    22  stm32f7xx_hal.o(i.HAL_Init)
    HAL_InitTick                             0x080014f3   Thumb Code    34  stm32f7xx_hal.o(i.HAL_InitTick)
    HAL_MspInit                              0x08001515   Thumb Code    68  stm32f7xx_hal_msp.o(i.HAL_MspInit)
    HAL_NVIC_EnableIRQ                       0x08001559   Thumb Code    22  stm32f7xx_hal_cortex.o(i.HAL_NVIC_EnableIRQ)
    HAL_NVIC_SetPriority                     0x08001571   Thumb Code    60  stm32f7xx_hal_cortex.o(i.HAL_NVIC_SetPriority)
    HAL_NVIC_SetPriorityGrouping             0x080015b1   Thumb Code    28  stm32f7xx_hal_cortex.o(i.HAL_NVIC_SetPriorityGrouping)
    HAL_PWREx_EnableOverDrive                0x080015d5   Thumb Code   100  stm32f7xx_hal_pwr_ex.o(i.HAL_PWREx_EnableOverDrive)
    HAL_RCCEx_PeriphCLKConfig                0x08001641   Thumb Code  1708  stm32f7xx_hal_rcc_ex.o(i.HAL_RCCEx_PeriphCLKConfig)
    HAL_RCC_CSSCallback                      0x08001cf1   Thumb Code     2  stm32f7xx_hal_rcc.o(i.HAL_RCC_CSSCallback)
    HAL_RCC_ClockConfig                      0x08001cf5   Thumb Code   450  stm32f7xx_hal_rcc.o(i.HAL_RCC_ClockConfig)
    HAL_RCC_GetHCLKFreq                      0x08001ec1   Thumb Code    38  stm32f7xx_hal_rcc.o(i.HAL_RCC_GetHCLKFreq)
    HAL_RCC_GetPCLK1Freq                     0x08001ef5   Thumb Code    36  stm32f7xx_hal_rcc.o(i.HAL_RCC_GetPCLK1Freq)
    HAL_RCC_GetPCLK2Freq                     0x08001f21   Thumb Code    36  stm32f7xx_hal_rcc.o(i.HAL_RCC_GetPCLK2Freq)
    HAL_RCC_GetSysClockFreq                  0x08001f4d   Thumb Code   120  stm32f7xx_hal_rcc.o(i.HAL_RCC_GetSysClockFreq)
    HAL_RCC_NMI_IRQHandler                   0x08001fcd   Thumb Code    24  stm32f7xx_hal_rcc.o(i.HAL_RCC_NMI_IRQHandler)
    HAL_RCC_OscConfig                        0x08001fe9   Thumb Code   914  stm32f7xx_hal_rcc.o(i.HAL_RCC_OscConfig)
    HAL_SYSTICK_CLKSourceConfig              0x08002385   Thumb Code    24  stm32f7xx_hal_cortex.o(i.HAL_SYSTICK_CLKSourceConfig)
    HAL_SYSTICK_Callback                     0x0800239d   Thumb Code     2  stm32f7xx_hal_cortex.o(i.HAL_SYSTICK_Callback)
    HAL_SYSTICK_Config                       0x0800239f   Thumb Code    38  stm32f7xx_hal_cortex.o(i.HAL_SYSTICK_Config)
    HAL_SYSTICK_IRQHandler                   0x080023c5   Thumb Code     8  stm32f7xx_hal_cortex.o(i.HAL_SYSTICK_IRQHandler)
    HAL_TIMEx_BreakCallback                  0x080023cd   Thumb Code     2  stm32f7xx_hal_tim_ex.o(i.HAL_TIMEx_BreakCallback)
    HAL_TIMEx_CommutationCallback            0x080023cf   Thumb Code     2  stm32f7xx_hal_tim_ex.o(i.HAL_TIMEx_CommutationCallback)
    HAL_TIMEx_MasterConfigSynchronization    0x080023d1   Thumb Code    78  stm32f7xx_hal_tim_ex.o(i.HAL_TIMEx_MasterConfigSynchronization)
    HAL_TIM_Base_Init                        0x08002429   Thumb Code    48  stm32f7xx_hal_tim.o(i.HAL_TIM_Base_Init)
    HAL_TIM_Base_MspInit                     0x08002459   Thumb Code    86  stm32f7xx_hal_msp.o(i.HAL_TIM_Base_MspInit)
    HAL_TIM_Base_Start_IT                    0x080024b9   Thumb Code    24  stm32f7xx_hal_tim.o(i.HAL_TIM_Base_Start_IT)
    HAL_TIM_ConfigClockSource                0x080024d1   Thumb Code   246  stm32f7xx_hal_tim.o(i.HAL_TIM_ConfigClockSource)
    HAL_TIM_IC_CaptureCallback               0x080025cd   Thumb Code     2  stm32f7xx_hal_tim.o(i.HAL_TIM_IC_CaptureCallback)
    HAL_TIM_IRQHandler                       0x080025cf   Thumb Code   382  stm32f7xx_hal_tim.o(i.HAL_TIM_IRQHandler)
    HAL_TIM_OC_DelayElapsedCallback          0x0800274d   Thumb Code     2  stm32f7xx_hal_tim.o(i.HAL_TIM_OC_DelayElapsedCallback)
    HAL_TIM_PWM_PulseFinishedCallback        0x0800274f   Thumb Code     2  stm32f7xx_hal_tim.o(i.HAL_TIM_PWM_PulseFinishedCallback)
    HAL_TIM_PeriodElapsedCallback            0x08002751   Thumb Code     2  stm32f7xx_hal_tim.o(i.HAL_TIM_PeriodElapsedCallback)
    HAL_TIM_TriggerCallback                  0x08002753   Thumb Code     2  stm32f7xx_hal_tim.o(i.HAL_TIM_TriggerCallback)
    HAL_UART_Init                            0x08002755   Thumb Code   106  stm32f7xx_hal_uart.o(i.HAL_UART_Init)
    HAL_UART_MspInit                         0x080027c1   Thumb Code    70  stm32f7xx_hal_msp.o(i.HAL_UART_MspInit)
    HAL_UART_Receive_IT                      0x08002819   Thumb Code   174  stm32f7xx_hal_uart.o(i.HAL_UART_Receive_IT)
    HAL_UART_Transmit                        0x080028c9   Thumb Code   200  stm32f7xx_hal_uart.o(i.HAL_UART_Transmit)
    HardFault_Handler                        0x08002991   Thumb Code     2  stm32f7xx_it.o(i.HardFault_Handler)
    MemManage_Handler                        0x08002ac1   Thumb Code     2  stm32f7xx_it.o(i.MemManage_Handler)
    NMI_Handler                              0x08002ac3   Thumb Code     4  stm32f7xx_it.o(i.NMI_Handler)
    Servo_Init                               0x08002ae9   Thumb Code  2204  main.o(i.Servo_Init)
    SysTick_Handler                          0x08003389   Thumb Code    14  stm32f7xx_it.o(i.SysTick_Handler)
    SystemInit                               0x08003439   Thumb Code    68  system_stm32f7xx_1.o(i.SystemInit)
    TIM2_IRQHandler                          0x0800348d   Thumb Code  1934  stm32f7xx_it.o(i.TIM2_IRQHandler)
    TIM3_IRQHandler                          0x08003c55   Thumb Code  1526  stm32f7xx_it.o(i.TIM3_IRQHandler)
    TIM_Base_SetConfig                       0x08004251   Thumb Code   150  stm32f7xx_hal_tim.o(i.TIM_Base_SetConfig)
    TIM_ETR_SetConfig                        0x08004315   Thumb Code    18  stm32f7xx_hal_tim.o(i.TIM_ETR_SetConfig)
    UART_AdvFeatureConfig                    0x0800437d   Thumb Code   200  stm32f7xx_hal_uart.o(i.UART_AdvFeatureConfig)
    UART_CheckIdleState                      0x08004445   Thumb Code    78  stm32f7xx_hal_uart.o(i.UART_CheckIdleState)
    UART_SetConfig                           0x08004495   Thumb Code   534  stm32f7xx_hal_uart.o(i.UART_SetConfig)
    UART_WaitOnFlagUntilTimeout              0x080046dd   Thumb Code   146  stm32f7xx_hal_uart.o(i.UART_WaitOnFlagUntilTimeout)
    UsageFault_Handler                       0x0800476f   Thumb Code     2  stm32f7xx_it.o(i.UsageFault_Handler)
    __scatterload_copy                       0x08004771   Thumb Code    14  handlers.o(i.__scatterload_copy)
    __scatterload_null                       0x0800477f   Thumb Code     2  handlers.o(i.__scatterload_null)
    __scatterload_zeroinit                   0x08004781   Thumb Code    14  handlers.o(i.__scatterload_zeroinit)
    absFun                                   0x0800478f   Thumb Code    16  stm32f7xx_it.o(i.absFun)
    main                                     0x080047a1   Thumb Code   938  main.o(i.main)
    APBAHBPrescTable                         0x08004b90   Data          16  stm32f7xx_hal_rcc.o(.constdata)
    Region$$Table$$Base                      0x08004ba0   Number         0  anon$$obj.o(Region$$Table)
    Region$$Table$$Limit                     0x08004bc0   Number         0  anon$$obj.o(Region$$Table)
    freqConst1                               0x20000004   Data           4  cpg.o(.data)
    freqConst2                               0x20000008   Data           4  cpg.o(.data)
    dxPosition                               0x2000000c   Data           4  cpg.o(.data)
    dxVelocity                               0x20000010   Data           4  cpg.o(.data)
    dxAcceleration                           0x20000014   Data           4  cpg.o(.data)
    data1                                    0x20000018   Data          32  cpg.o(.data)
    data2                                    0x20000038   Data          32  cpg.o(.data)
    data3                                    0x20000058   Data          32  cpg.o(.data)
    data4                                    0x20000078   Data         256  cpg.o(.data)
    data5                                    0x20000178   Data         256  cpg.o(.data)
    desPos                                   0x20000278   Data           2  stm32f7xx_it.o(.data)
    actPos                                   0x2000027a   Data           2  stm32f7xx_it.o(.data)
    emg1                                     0x2000027c   Data           2  stm32f7xx_it.o(.data)
    emg2                                     0x2000027e   Data           2  stm32f7xx_it.o(.data)
    emg3                                     0x20000280   Data           2  stm32f7xx_it.o(.data)
    emg4                                     0x20000282   Data           2  stm32f7xx_it.o(.data)
    tor1                                     0x20000284   Data           2  stm32f7xx_it.o(.data)
    tor2                                     0x20000286   Data           2  stm32f7xx_it.o(.data)
    para                                     0x20000288   Data           2  stm32f7xx_it.o(.data)
    sum1                                     0x2000028a   Data           3  stm32f7xx_it.o(.data)
    flagAxisA                                0x20000290   Data           4  stm32f7xx_it.o(.data)
    voltageHip                               0x20000294   Data           4  stm32f7xx_it.o(.data)
    dt                                       0x20000298   Data           4  stm32f7xx_it.o(.data)
    nominalHipTorque                         0x2000029c   Data           4  stm32f7xx_it.o(.data)
    torHIP                                   0x200002a0   Data           4  stm32f7xx_it.o(.data)
    packetHeader                             0x200002a4   Data           4  stm32f7xx_it.o(.data)
    packetTail                               0x200002a8   Data           4  stm32f7xx_it.o(.data)
    KP                                       0x200002ac   Data           4  stm32f7xx_it.o(.data)
    KI                                       0x200002b0   Data           4  stm32f7xx_it.o(.data)
    torSumHip                                0x200002b4   Data           4  stm32f7xx_it.o(.data)
    errTorHip                                0x200002b8   Data           4  stm32f7xx_it.o(.data)
    tick                                     0x200002bc   Data           4  stm32f7xx_it.o(.data)
    hipTorqueTemp                            0x200002c0   Data           4  stm32f7xx_it.o(.data)
    kneeTorqueTemp                           0x200002c4   Data           4  stm32f7xx_it.o(.data)
    hipTorque                                0x200002c8   Data           4  stm32f7xx_it.o(.data)
    kneeTorque                               0x200002cc   Data           4  stm32f7xx_it.o(.data)
    filter_Ta                                0x200002d0   Data          12  stm32f7xx_it.o(.data)
    filter_Tb                                0x200002dc   Data          12  stm32f7xx_it.o(.data)
    positionLow                              0x200002e8   Data           1  main.o(.data)
    positionLow1                             0x200002e9   Data           1  main.o(.data)
    positionLow2                             0x200002ea   Data           1  main.o(.data)
    positionHigh                             0x200002eb   Data           1  main.o(.data)
    aRxBuffer                                0x200002ec   Data           1  main.o(.data)
    sensorHipPositiont1                      0x200002f0   Data           4  main.o(.data)
    sensorHipPositiont2                      0x200002f4   Data           4  main.o(.data)
    sensorHipVelocity                        0x200002f8   Data           4  main.o(.data)
    sensorKneePositiont1                     0x200002fc   Data           4  main.o(.data)
    sensorKneePositiont2                     0x20000300   Data           4  main.o(.data)
    sensorKneeVelocity                       0x20000304   Data           4  main.o(.data)
    controlTime                              0x20000308   Data           4  main.o(.data)
    timeStep                                 0x2000030c   Data           4  main.o(.data)
    piHalf                                   0x20000310   Data           4  main.o(.data)
    timeB                                    0x20000314   Data           4  main.o(.data)
    timeA                                    0x20000318   Data           4  main.o(.data)
    timeInterval                             0x2000031c   Data           4  main.o(.data)
    Timeout                                  0x20000320   Data           4  main.o(.data)
    sensorCounter                            0x20000324   Data           4  main.o(.data)
    Gamma                                    0x20000328   Data          44  main.o(.data)
    filter_a                                 0x20000354   Data          12  main.o(.data)
    filter_b                                 0x20000360   Data          12  main.o(.data)
    kneePOS                                  0x2000036c   Data           4  main.o(.data)
    hipPOS                                   0x20000370   Data           4  main.o(.data)
    tempCounter                              0x20000374   Data           4  main.o(.data)
    SystemCoreClock                          0x20000378   Data           4  system_stm32f7xx_1.o(.data)
    offSet                                   0x2000037c   Data          32  stm32f7xx_it.o(.bss)
    aHip                                     0x2000039c   Data          12  main.o(.bss)
    aKnee                                    0x200003a8   Data          12  main.o(.bss)
    hadc1                                    0x200003b4   Data          72  main.o(.bss)
    hcan1                                    0x200003fc   Data          64  main.o(.bss)
    htim2                                    0x2000043c   Data          60  main.o(.bss)
    htim3                                    0x20000478   Data          60  main.o(.bss)
    huart2                                   0x200004b4   Data         112  main.o(.bss)
    C                                        0x20000524   Data         828  main.o(.bss)
    paraVector                               0x20000860   Data          76  main.o(.bss)
    pTxMsg                                   0x200008ac   Data          28  main.o(.bss)
    pTxMsg1                                  0x200008c8   Data          28  main.o(.bss)
    pRxMsg1                                  0x200008e4   Data          36  main.o(.bss)
    pTxMsgSensor                             0x20000908   Data          28  main.o(.bss)
    pTxMsgSensor1                            0x20000924   Data          28  main.o(.bss)
    pRxMsgSensor                             0x20000940   Data          36  main.o(.bss)
    pRxMsgHipSensor                          0x20000964   Data          36  main.o(.bss)
    pRxMsgKneeSensor                         0x20000988   Data          36  main.o(.bss)
    pTxMsgTorque                             0x200009ac   Data          28  main.o(.bss)
    uhADCxConvertedValue                     0x200009c8   Data          32  main.o(.bss)
    sConfig                                  0x200009e8   Data          16  main.o(.bss)
    filterdADCvalue                          0x200009f8   Data         128  main.o(.bss)
    rawADCvalue                              0x20000a78   Data          96  main.o(.bss)
    __initial_sp                             0x20000ed8   Data           0  startup_stm32f746xx_1.o(STACK)



==============================================================================

Memory Map of the image

  Image Entry point : 0x080001c9

  Load Region LR_IROM1 (Base: 0x08000000, Size: 0x00004f3c, Max: 0x00100000, ABSOLUTE, COMPRESSED[0x00004cd0])

    Execution Region ER_IROM1 (Base: 0x08000000, Size: 0x00004bc0, Max: 0x00100000, ABSOLUTE)

    Base Addr    Size         Type   Attr      Idx    E Section Name        Object

    0x08000000   0x000001c8   Data   RO         3255    RESET               startup_stm32f746xx_1.o
    0x080001c8   0x00000000   Code   RO         3297  * .ARM.Collect$$$$00000000  mc_w.l(entry.o)
    0x080001c8   0x00000004   Code   RO         3312    .ARM.Collect$$$$00000001  mc_w.l(entry2.o)
    0x080001cc   0x00000004   Code   RO         3315    .ARM.Collect$$$$00000004  mc_w.l(entry5.o)
    0x080001d0   0x00000000   Code   RO         3317    .ARM.Collect$$$$00000008  mc_w.l(entry7b.o)
    0x080001d0   0x00000000   Code   RO         3319    .ARM.Collect$$$$0000000A  mc_w.l(entry8b.o)
    0x080001d0   0x00000008   Code   RO         3320    .ARM.Collect$$$$0000000B  mc_w.l(entry9a.o)
    0x080001d8   0x00000000   Code   RO         3322    .ARM.Collect$$$$0000000D  mc_w.l(entry10a.o)
    0x080001d8   0x00000000   Code   RO         3324    .ARM.Collect$$$$0000000F  mc_w.l(entry11a.o)
    0x080001d8   0x00000004   Code   RO         3313    .ARM.Collect$$$$00002712  mc_w.l(entry2.o)
    0x080001dc   0x00000024   Code   RO         3256    .text               startup_stm32f746xx_1.o
    0x08000200   0x00000024   Code   RO         3300    .text               mc_w.l(memcpya.o)
    0x08000224   0x0000014e   Code   RO         3304    .text               mf_w.l(dadd.o)
    0x08000372   0x000000e4   Code   RO         3306    .text               mf_w.l(dmul.o)
    0x08000456   0x00000026   Code   RO         3308    .text               mf_w.l(f2d.o)
    0x0800047c   0x00000038   Code   RO         3310    .text               mf_w.l(d2f.o)
    0x080004b4   0x0000001e   Code   RO         3326    .text               mc_w.l(llshl.o)
    0x080004d2   0x00000024   Code   RO         3328    .text               mc_w.l(llsshr.o)
    0x080004f6   0x00000000   Code   RO         3330    .text               mc_w.l(iusefp.o)
    0x080004f6   0x0000006e   Code   RO         3331    .text               mf_w.l(fepilogue.o)
    0x08000564   0x000000ba   Code   RO         3333    .text               mf_w.l(depilogue.o)
    0x0800061e   0x00000002   PAD
    0x08000620   0x00000024   Code   RO         3335    .text               mc_w.l(init.o)
    0x08000644   0x00000020   Code   RO         3337    .text               mc_w.l(llushr.o)
    0x08000664   0x00000056   Code   RO         3347    .text               mc_w.l(__dczerorl2.o)
    0x080006ba   0x00000002   PAD
    0x080006bc   0x00000138   Code   RO         2521    i.ADC_Init          stm32f7xx_hal_adc.o
    0x080007f4   0x00000002   Code   RO         2787    i.BusFault_Handler  stm32f7xx_it.o
    0x080007f6   0x00000002   PAD
    0x080007f8   0x0000002c   Code   RO         2929    i.CAN1_Filter_Init  main.o
    0x08000824   0x00000198   Code   RO         2688    i.CPG_Init          cpg.o
    0x080009bc   0x00000002   Code   RO         2788    i.DebugMon_Handler  stm32f7xx_it.o
    0x080009be   0x00000002   PAD
    0x080009c0   0x00000164   Code   RO         2523    i.HAL_ADC_ConfigChannel  stm32f7xx_hal_adc.o
    0x08000b24   0x00000004   Code   RO         2529    i.HAL_ADC_GetState  stm32f7xx_hal_adc.o
    0x08000b28   0x00000006   Code   RO         2530    i.HAL_ADC_GetValue  stm32f7xx_hal_adc.o
    0x08000b2e   0x00000054   Code   RO         2532    i.HAL_ADC_Init      stm32f7xx_hal_adc.o
    0x08000b82   0x00000002   PAD
    0x08000b84   0x0000006c   Code   RO         3051    i.HAL_ADC_MspInit   stm32f7xx_hal_msp.o
    0x08000bf0   0x000000a0   Code   RO         2536    i.HAL_ADC_PollForConversion  stm32f7xx_hal_adc.o
    0x08000c90   0x000000b8   Code   RO         2538    i.HAL_ADC_Start     stm32f7xx_hal_adc.o
    0x08000d48   0x000000f4   Code   RO         2285    i.HAL_CAN_ConfigFilter  stm32f7xx_hal_can.o
    0x08000e3c   0x0000014a   Code   RO         2291    i.HAL_CAN_Init      stm32f7xx_hal_can.o
    0x08000f86   0x00000002   PAD
    0x08000f88   0x00000050   Code   RO         3053    i.HAL_CAN_MspInit   stm32f7xx_hal_msp.o
    0x08000fd8   0x0000015a   Code   RO         2294    i.HAL_CAN_Receive   stm32f7xx_hal_can.o
    0x08001132   0x00000002   PAD
    0x08001134   0x00000190   Code   RO         2298    i.HAL_CAN_Transmit  stm32f7xx_hal_can.o
    0x080012c4   0x00000016   Code   RO         1657    i.HAL_Delay         stm32f7xx_hal.o
    0x080012da   0x00000002   PAD
    0x080012dc   0x000001d8   Code   RO         1504    i.HAL_GPIO_Init     stm32f7xx_hal_gpio.o
    0x080014b4   0x0000000a   Code   RO         1508    i.HAL_GPIO_WritePin  stm32f7xx_hal_gpio.o
    0x080014be   0x00000002   PAD
    0x080014c0   0x0000000c   Code   RO         1665    i.HAL_GetTick       stm32f7xx_hal.o
    0x080014cc   0x00000010   Code   RO         1666    i.HAL_IncTick       stm32f7xx_hal.o
    0x080014dc   0x00000016   Code   RO         1667    i.HAL_Init          stm32f7xx_hal.o
    0x080014f2   0x00000022   Code   RO         1668    i.HAL_InitTick      stm32f7xx_hal.o
    0x08001514   0x00000044   Code   RO         3054    i.HAL_MspInit       stm32f7xx_hal_msp.o
    0x08001558   0x00000016   Code   RO          410    i.HAL_NVIC_EnableIRQ  stm32f7xx_hal_cortex.o
    0x0800156e   0x00000002   PAD
    0x08001570   0x00000040   Code   RO          416    i.HAL_NVIC_SetPriority  stm32f7xx_hal_cortex.o
    0x080015b0   0x00000024   Code   RO          417    i.HAL_NVIC_SetPriorityGrouping  stm32f7xx_hal_cortex.o
    0x080015d4   0x0000006c   Code   RO         1818    i.HAL_PWREx_EnableOverDrive  stm32f7xx_hal_pwr_ex.o
    0x08001640   0x000006b0   Code   RO         2131    i.HAL_RCCEx_PeriphCLKConfig  stm32f7xx_hal_rcc_ex.o
    0x08001cf0   0x00000002   Code   RO         1904    i.HAL_RCC_CSSCallback  stm32f7xx_hal_rcc.o
    0x08001cf2   0x00000002   PAD
    0x08001cf4   0x000001cc   Code   RO         1905    i.HAL_RCC_ClockConfig  stm32f7xx_hal_rcc.o
    0x08001ec0   0x00000034   Code   RO         1910    i.HAL_RCC_GetHCLKFreq  stm32f7xx_hal_rcc.o
    0x08001ef4   0x0000002c   Code   RO         1912    i.HAL_RCC_GetPCLK1Freq  stm32f7xx_hal_rcc.o
    0x08001f20   0x0000002c   Code   RO         1913    i.HAL_RCC_GetPCLK2Freq  stm32f7xx_hal_rcc.o
    0x08001f4c   0x00000080   Code   RO         1914    i.HAL_RCC_GetSysClockFreq  stm32f7xx_hal_rcc.o
    0x08001fcc   0x0000001c   Code   RO         1916    i.HAL_RCC_NMI_IRQHandler  stm32f7xx_hal_rcc.o
    0x08001fe8   0x0000039c   Code   RO         1917    i.HAL_RCC_OscConfig  stm32f7xx_hal_rcc.o
    0x08002384   0x00000018   Code   RO          419    i.HAL_SYSTICK_CLKSourceConfig  stm32f7xx_hal_cortex.o
    0x0800239c   0x00000002   Code   RO          420    i.HAL_SYSTICK_Callback  stm32f7xx_hal_cortex.o
    0x0800239e   0x00000026   Code   RO          421    i.HAL_SYSTICK_Config  stm32f7xx_hal_cortex.o
    0x080023c4   0x00000008   Code   RO          422    i.HAL_SYSTICK_IRQHandler  stm32f7xx_hal_cortex.o
    0x080023cc   0x00000002   Code   RO          594    i.HAL_TIMEx_BreakCallback  stm32f7xx_hal_tim_ex.o
    0x080023ce   0x00000002   Code   RO          595    i.HAL_TIMEx_CommutationCallback  stm32f7xx_hal_tim_ex.o
    0x080023d0   0x00000058   Code   RO          612    i.HAL_TIMEx_MasterConfigSynchronization  stm32f7xx_hal_tim_ex.o
    0x08002428   0x00000030   Code   RO          869    i.HAL_TIM_Base_Init  stm32f7xx_hal_tim.o
    0x08002458   0x00000060   Code   RO         3056    i.HAL_TIM_Base_MspInit  stm32f7xx_hal_msp.o
    0x080024b8   0x00000018   Code   RO          874    i.HAL_TIM_Base_Start_IT  stm32f7xx_hal_tim.o
    0x080024d0   0x000000fc   Code   RO          878    i.HAL_TIM_ConfigClockSource  stm32f7xx_hal_tim.o
    0x080025cc   0x00000002   Code   RO          898    i.HAL_TIM_IC_CaptureCallback  stm32f7xx_hal_tim.o
    0x080025ce   0x0000017e   Code   RO          911    i.HAL_TIM_IRQHandler  stm32f7xx_hal_tim.o
    0x0800274c   0x00000002   Code   RO          914    i.HAL_TIM_OC_DelayElapsedCallback  stm32f7xx_hal_tim.o
    0x0800274e   0x00000002   Code   RO          941    i.HAL_TIM_PWM_PulseFinishedCallback  stm32f7xx_hal_tim.o
    0x08002750   0x00000002   Code   RO          948    i.HAL_TIM_PeriodElapsedCallback  stm32f7xx_hal_tim.o
    0x08002752   0x00000002   Code   RO          952    i.HAL_TIM_TriggerCallback  stm32f7xx_hal_tim.o
    0x08002754   0x0000006a   Code   RO           21    i.HAL_UART_Init     stm32f7xx_hal_uart.o
    0x080027be   0x00000002   PAD
    0x080027c0   0x00000058   Code   RO         3058    i.HAL_UART_MspInit  stm32f7xx_hal_msp.o
    0x08002818   0x000000ae   Code   RO           26    i.HAL_UART_Receive_IT  stm32f7xx_hal_uart.o
    0x080028c6   0x00000002   PAD
    0x080028c8   0x000000c8   Code   RO           29    i.HAL_UART_Transmit  stm32f7xx_hal_uart.o
    0x08002990   0x00000002   Code   RO         2789    i.HardFault_Handler  stm32f7xx_it.o
    0x08002992   0x00000002   PAD
    0x08002994   0x0000003c   Code   RO         2931    i.MX_ADC1_Init      main.o
    0x080029d0   0x00000038   Code   RO         2932    i.MX_CAN1_Init      main.o
    0x08002a08   0x00000088   Code   RO         2933    i.MX_GPIO_Init      main.o
    0x08002a90   0x00000030   Code   RO         2934    i.MX_USART2_UART_Init  main.o
    0x08002ac0   0x00000002   Code   RO         2790    i.MemManage_Handler  stm32f7xx_it.o
    0x08002ac2   0x00000004   Code   RO         2791    i.NMI_Handler       stm32f7xx_it.o
    0x08002ac6   0x00000022   Code   RO          423    i.NVIC_SetPriority  stm32f7xx_hal_cortex.o
    0x08002ae8   0x000008a0   Code   RO         2935    i.Servo_Init        main.o
    0x08003388   0x0000000e   Code   RO         2792    i.SysTick_Handler   stm32f7xx_it.o
    0x08003396   0x00000002   PAD
    0x08003398   0x000000a0   Code   RO         2936    i.SystemClock_Config  main.o
    0x08003438   0x00000054   Code   RO         3264    i.SystemInit        system_stm32f7xx_1.o
    0x0800348c   0x000007c8   Code   RO         2793    i.TIM2_IRQHandler   stm32f7xx_it.o
    0x08003c54   0x000005fc   Code   RO         2794    i.TIM3_IRQHandler   stm32f7xx_it.o
    0x08004250   0x000000c4   Code   RO          953    i.TIM_Base_SetConfig  stm32f7xx_hal_tim.o
    0x08004314   0x00000012   Code   RO          960    i.TIM_ETR_SetConfig  stm32f7xx_hal_tim.o
    0x08004326   0x00000010   Code   RO          961    i.TIM_ITRx_SetConfig  stm32f7xx_hal_tim.o
    0x08004336   0x00000022   Code   RO          967    i.TIM_TI1_ConfigInputStage  stm32f7xx_hal_tim.o
    0x08004358   0x00000024   Code   RO          969    i.TIM_TI2_ConfigInputStage  stm32f7xx_hal_tim.o
    0x0800437c   0x000000c8   Code   RO           34    i.UART_AdvFeatureConfig  stm32f7xx_hal_uart.o
    0x08004444   0x0000004e   Code   RO           35    i.UART_CheckIdleState  stm32f7xx_hal_uart.o
    0x08004492   0x00000002   PAD
    0x08004494   0x00000248   Code   RO           42    i.UART_SetConfig    stm32f7xx_hal_uart.o
    0x080046dc   0x00000092   Code   RO           44    i.UART_WaitOnFlagUntilTimeout  stm32f7xx_hal_uart.o
    0x0800476e   0x00000002   Code   RO         2795    i.UsageFault_Handler  stm32f7xx_it.o
    0x08004770   0x0000000e   Code   RO         3341    i.__scatterload_copy  mc_w.l(handlers.o)
    0x0800477e   0x00000002   Code   RO         3342    i.__scatterload_null  mc_w.l(handlers.o)
    0x08004780   0x0000000e   Code   RO         3343    i.__scatterload_zeroinit  mc_w.l(handlers.o)
    0x0800478e   0x00000010   Code   RO         2796    i.absFun            stm32f7xx_it.o
    0x0800479e   0x00000002   PAD
    0x080047a0   0x000003f0   Code   RO         2939    i.main              main.o
    0x08004b90   0x00000010   Data   RO         1918    .constdata          stm32f7xx_hal_rcc.o
    0x08004ba0   0x00000020   Data   RO         3339    Region$$Table       anon$$obj.o


    Execution Region RW_IRAM1 (Base: 0x20000000, Size: 0x00000ed8, Max: 0x00050000, ABSOLUTE, COMPRESSED[0x00000110])

    Base Addr    Size         Type   Attr      Idx    E Section Name        Object

    0x20000000   0x00000004   Data   RW         1673    .data               stm32f7xx_hal.o
    0x20000004   0x00000274   Data   RW         2701    .data               cpg.o
    0x20000278   0x00000070   Data   RW         2806    .data               stm32f7xx_it.o
    0x200002e8   0x0000006c   Data   RW         2955    .data               main.o
    0x20000354   0x0000000c   Data   RW         2960    .data               main.o
    0x20000360   0x0000000c   Data   RW         2961    .data               main.o
    0x2000036c   0x00000004   Data   RW         2963    .data               main.o
    0x20000370   0x00000004   Data   RW         2966    .data               main.o
    0x20000374   0x00000004   Data   RW         2971    .data               main.o
    0x20000378   0x00000004   Data   RW         3266    .data               system_stm32f7xx_1.o
    0x2000037c   0x00000020   Zero   RW         2797    .bss                stm32f7xx_it.o
    0x2000039c   0x00000610   Zero   RW         2943    .bss                main.o
    0x200009ac   0x0000001c   Zero   RW         2945    .bss                main.o
    0x200009c8   0x00000020   Zero   RW         2947    .bss                main.o
    0x200009e8   0x00000010   Zero   RW         2948    .bss                main.o
    0x200009f8   0x00000080   Zero   RW         2949    .bss                main.o
    0x20000a78   0x00000060   Zero   RW         2950    .bss                main.o
    0x20000ad8   0x00000400   Zero   RW         3253    STACK               startup_stm32f746xx_1.o


==============================================================================

Image component sizes


      Code (inc. data)   RO Data    RW Data    ZI Data      Debug   Object Name

       408         14          0        628          0       2972   cpg.o
      3720        130          0        144       1852      11614   main.o
        36          8        456          0       1024        824   startup_stm32f746xx_1.o
       106         12          0          4          0       3842   stm32f7xx_hal.o
      1106         42          0          0          0       5565   stm32f7xx_hal_adc.o
      1320         22          0          0          0       4351   stm32f7xx_hal_can.o
       228         12          0          0          0      37013   stm32f7xx_hal_cortex.o
       482         54          0          0          0       2400   stm32f7xx_hal_gpio.o
       440         64          0          0          0       3560   stm32f7xx_hal_msp.o
       108          8          0          0          0       1308   stm32f7xx_hal_pwr_ex.o
      1682         62         16          0          0       7154   stm32f7xx_hal_rcc.o
      1712         16          0          0          0       2364   stm32f7xx_hal_rcc_ex.o
      1016         52          0          0          0      10381   stm32f7xx_hal_tim.o
        92         10          0          0          0       2570   stm32f7xx_hal_tim_ex.o
      1488         70          0          0          0     493459   stm32f7xx_hal_uart.o
      3568        190          0        112         32      12756   stm32f7xx_it.o
        84         16          0          4          0       1469   system_stm32f7xx_1.o

    ----------------------------------------------------------------------
     17626        782        504        892       2908     603602   Object Totals
         0          0         32          0          0          0   (incl. Generated)
        30          0          0          0          0          0   (incl. Padding)

    ----------------------------------------------------------------------

      Code (inc. data)   RO Data    RW Data    ZI Data      Debug   Library Member Name

        86          0          0          0          0          0   __dczerorl2.o
         0          0          0          0          0          0   entry.o
         0          0          0          0          0          0   entry10a.o
         0          0          0          0          0          0   entry11a.o
         8          4          0          0          0          0   entry2.o
         4          0          0          0          0          0   entry5.o
         0          0          0          0          0          0   entry7b.o
         0          0          0          0          0          0   entry8b.o
         8          4          0          0          0          0   entry9a.o
        30          0          0          0          0          0   handlers.o
        36          8          0          0          0         68   init.o
         0          0          0          0          0          0   iusefp.o
        30          0          0          0          0         68   llshl.o
        36          0          0          0          0         68   llsshr.o
        32          0          0          0          0         68   llushr.o
        36          0          0          0          0         68   memcpya.o
        56          0          0          0          0         88   d2f.o
       334          0          0          0          0        148   dadd.o
       186          0          0          0          0        176   depilogue.o
       228          0          0          0          0         96   dmul.o
        38          0          0          0          0         68   f2d.o
       110          0          0          0          0        168   fepilogue.o

    ----------------------------------------------------------------------
      1262         16          0          0          0       1084   Library Totals
         4          0          0          0          0          0   (incl. Padding)

    ----------------------------------------------------------------------

      Code (inc. data)   RO Data    RW Data    ZI Data      Debug   Library Name

       306         16          0          0          0        340   mc_w.l
       952          0          0          0          0        744   mf_w.l

    ----------------------------------------------------------------------
      1262         16          0          0          0       1084   Library Totals

    ----------------------------------------------------------------------

==============================================================================


      Code (inc. data)   RO Data    RW Data    ZI Data      Debug   

     18888        798        504        892       2908     596954   Grand Totals
     18888        798        504        272       2908     596954   ELF Image Totals (compressed)
     18888        798        504        272          0          0   ROM Totals

==============================================================================

    Total RO  Size (Code + RO Data)                19392 (  18.94kB)
    Total RW  Size (RW Data + ZI Data)              3800 (   3.71kB)
    Total ROM Size (Code + RO Data + RW Data)      19664 (  19.20kB)

==============================================================================

